###############################################################################
#
# IAR ELF Linker V7.30.4.8167/W32 for ARM                 13/May/2016  18:02:33
# Copyright 2007-2014 IAR Systems AB.
#
#    Output file  =  
#        E:\相关资料\8711\RTL8711-sdk-ameba1-v3[1].4b_ECN_20151106\sdk-ameba1-v3.4b_ECN_20151106\project\realtek_ameba1_va0_example\EWARM-RELEASE\Debug\Exe\application.axf
#    Map file     =  
#        E:\相关资料\8711\RTL8711-sdk-ameba1-v3[1].4b_ECN_20151106\sdk-ameba1-v3.4b_ECN_20151106\project\realtek_ameba1_va0_example\EWARM-RELEASE\Debug\List\application.map
#    Command line =  
#        -f
#        E:\相关资料\8711\RTL8711-sdk-ameba1-v3[1].4b_ECN_20151106\sdk-ameba1-v3.4b_ECN_20151106\project\realtek_ameba1_va0_example\EWARM-RELEASE\EW3357.tmp
#        (E:\相关资料\8711\RTL8711-sdk-ameba1-v3[1].4b_ECN_20151106\sdk-ameba1-v3.4b_ECN_20151106\project\realtek_ameba1_va0_example\EWARM-RELEASE\Debug\Obj\aes.o
#        E:\相关资料\8711\RTL8711-sdk-ameba1-v3[1].4b_ECN_20151106\sdk-ameba1-v3.4b_ECN_20151106\project\realtek_ameba1_va0_example\EWARM-RELEASE\Debug\Obj\aesni.o
#        E:\相关资料\8711\RTL8711-sdk-ameba1-v3[1].4b_ECN_20151106\sdk-ameba1-v3.4b_ECN_20151106\project\realtek_ameba1_va0_example\EWARM-RELEASE\Debug\Obj\analogin_api.o
#        E:\相关资料\8711\RTL8711-sdk-ameba1-v3[1].4b_ECN_20151106\sdk-ameba1-v3.4b_ECN_20151106\project\realtek_ameba1_va0_example\EWARM-RELEASE\Debug\Obj\api_lib.o
#        E:\相关资料\8711\RTL8711-sdk-ameba1-v3[1].4b_ECN_20151106\sdk-ameba1-v3.4b_ECN_20151106\project\realtek_ameba1_va0_example\EWARM-RELEASE\Debug\Obj\api_msg.o
#        E:\相关资料\8711\RTL8711-sdk-ameba1-v3[1].4b_ECN_20151106\sdk-ameba1-v3.4b_ECN_20151106\project\realtek_ameba1_va0_example\EWARM-RELEASE\Debug\Obj\arc4.o
#        E:\相关资料\8711\RTL8711-sdk-ameba1-v3[1].4b_ECN_20151106\sdk-ameba1-v3.4b_ECN_20151106\project\realtek_ameba1_va0_example\EWARM-RELEASE\Debug\Obj\asn1parse.o
#        E:\相关资料\8711\RTL8711-sdk-ameba1-v3[1].4b_ECN_20151106\sdk-ameba1-v3.4b_ECN_20151106\project\realtek_ameba1_va0_example\EWARM-RELEASE\Debug\Obj\asn1write.o
#        E:\相关资料\8711\RTL8711-sdk-ameba1-v3[1].4b_ECN_20151106\sdk-ameba1-v3.4b_ECN_20151106\project\realtek_ameba1_va0_example\EWARM-RELEASE\Debug\Obj\atcmd_google.o
#        E:\相关资料\8711\RTL8711-sdk-ameba1-v3[1].4b_ECN_20151106\sdk-ameba1-v3.4b_ECN_20151106\project\realtek_ameba1_va0_example\EWARM-RELEASE\Debug\Obj\atcmd_sys.o
#        E:\相关资料\8711\RTL8711-sdk-ameba1-v3[1].4b_ECN_20151106\sdk-ameba1-v3.4b_ECN_20151106\project\realtek_ameba1_va0_example\EWARM-RELEASE\Debug\Obj\atcmd_wifi.o
#        E:\相关资料\8711\RTL8711-sdk-ameba1-v3[1].4b_ECN_20151106\sdk-ameba1-v3.4b_ECN_20151106\project\realtek_ameba1_va0_example\EWARM-RELEASE\Debug\Obj\autoip.o
#        E:\相关资料\8711\RTL8711-sdk-ameba1-v3[1].4b_ECN_20151106\sdk-ameba1-v3.4b_ECN_20151106\project\realtek_ameba1_va0_example\EWARM-RELEASE\Debug\Obj\base64.o
#        E:\相关资料\8711\RTL8711-sdk-ameba1-v3[1].4b_ECN_20151106\sdk-ameba1-v3.4b_ECN_20151106\project\realtek_ameba1_va0_example\EWARM-RELEASE\Debug\Obj\bignum.o
#        E:\相关资料\8711\RTL8711-sdk-ameba1-v3[1].4b_ECN_20151106\sdk-ameba1-v3.4b_ECN_20151106\project\realtek_ameba1_va0_example\EWARM-RELEASE\Debug\Obj\blowfish.o
#        E:\相关资料\8711\RTL8711-sdk-ameba1-v3[1].4b_ECN_20151106\sdk-ameba1-v3.4b_ECN_20151106\project\realtek_ameba1_va0_example\EWARM-RELEASE\Debug\Obj\camellia.o
#        E:\相关资料\8711\RTL8711-sdk-ameba1-v3[1].4b_ECN_20151106\sdk-ameba1-v3.4b_ECN_20151106\project\realtek_ameba1_va0_example\EWARM-RELEASE\Debug\Obj\ccm.o
#        E:\相关资料\8711\RTL8711-sdk-ameba1-v3[1].4b_ECN_20151106\sdk-ameba1-v3.4b_ECN_20151106\project\realtek_ameba1_va0_example\EWARM-RELEASE\Debug\Obj\certs.o
#        E:\相关资料\8711\RTL8711-sdk-ameba1-v3[1].4b_ECN_20151106\sdk-ameba1-v3.4b_ECN_20151106\project\realtek_ameba1_va0_example\EWARM-RELEASE\Debug\Obj\cipher.o
#        E:\相关资料\8711\RTL8711-sdk-ameba1-v3[1].4b_ECN_20151106\sdk-ameba1-v3.4b_ECN_20151106\project\realtek_ameba1_va0_example\EWARM-RELEASE\Debug\Obj\cipher_wrap.o
#        E:\相关资料\8711\RTL8711-sdk-ameba1-v3[1].4b_ECN_20151106\sdk-ameba1-v3.4b_ECN_20151106\project\realtek_ameba1_va0_example\EWARM-RELEASE\Debug\Obj\cJSON.o
#        E:\相关资料\8711\RTL8711-sdk-ameba1-v3[1].4b_ECN_20151106\sdk-ameba1-v3.4b_ECN_20151106\project\realtek_ameba1_va0_example\EWARM-RELEASE\Debug\Obj\cloud_link.o
#        E:\相关资料\8711\RTL8711-sdk-ameba1-v3[1].4b_ECN_20151106\sdk-ameba1-v3.4b_ECN_20151106\project\realtek_ameba1_va0_example\EWARM-RELEASE\Debug\Obj\cmsis_os.o
#        E:\相关资料\8711\RTL8711-sdk-ameba1-v3[1].4b_ECN_20151106\sdk-ameba1-v3.4b_ECN_20151106\project\realtek_ameba1_va0_example\EWARM-RELEASE\Debug\Obj\croutine.o
#        E:\相关资料\8711\RTL8711-sdk-ameba1-v3[1].4b_ECN_20151106\sdk-ameba1-v3.4b_ECN_20151106\project\realtek_ameba1_va0_example\EWARM-RELEASE\Debug\Obj\ctr_drbg.o
#        E:\相关资料\8711\RTL8711-sdk-ameba1-v3[1].4b_ECN_20151106\sdk-ameba1-v3.4b_ECN_20151106\project\realtek_ameba1_va0_example\EWARM-RELEASE\Debug\Obj\debug.o
#        E:\相关资料\8711\RTL8711-sdk-ameba1-v3[1].4b_ECN_20151106\sdk-ameba1-v3.4b_ECN_20151106\project\realtek_ameba1_va0_example\EWARM-RELEASE\Debug\Obj\def.o
#        E:\相关资料\8711\RTL8711-sdk-ameba1-v3[1].4b_ECN_20151106\sdk-ameba1-v3.4b_ECN_20151106\project\realtek_ameba1_va0_example\EWARM-RELEASE\Debug\Obj\des.o
#        E:\相关资料\8711\RTL8711-sdk-ameba1-v3[1].4b_ECN_20151106\sdk-ameba1-v3.4b_ECN_20151106\project\realtek_ameba1_va0_example\EWARM-RELEASE\Debug\Obj\dhcp.o
#        E:\相关资料\8711\RTL8711-sdk-ameba1-v3[1].4b_ECN_20151106\sdk-ameba1-v3.4b_ECN_20151106\project\realtek_ameba1_va0_example\EWARM-RELEASE\Debug\Obj\dhcps.o
#        E:\相关资料\8711\RTL8711-sdk-ameba1-v3[1].4b_ECN_20151106\sdk-ameba1-v3.4b_ECN_20151106\project\realtek_ameba1_va0_example\EWARM-RELEASE\Debug\Obj\dhm.o
#        E:\相关资料\8711\RTL8711-sdk-ameba1-v3[1].4b_ECN_20151106\sdk-ameba1-v3.4b_ECN_20151106\project\realtek_ameba1_va0_example\EWARM-RELEASE\Debug\Obj\dma_api.o
#        E:\相关资料\8711\RTL8711-sdk-ameba1-v3[1].4b_ECN_20151106\sdk-ameba1-v3.4b_ECN_20151106\project\realtek_ameba1_va0_example\EWARM-RELEASE\Debug\Obj\dns.o
#        E:\相关资料\8711\RTL8711-sdk-ameba1-v3[1].4b_ECN_20151106\sdk-ameba1-v3.4b_ECN_20151106\project\realtek_ameba1_va0_example\EWARM-RELEASE\Debug\Obj\ecdh.o
#        E:\相关资料\8711\RTL8711-sdk-ameba1-v3[1].4b_ECN_20151106\sdk-ameba1-v3.4b_ECN_20151106\project\realtek_ameba1_va0_example\EWARM-RELEASE\Debug\Obj\ecdsa.o
#        E:\相关资料\8711\RTL8711-sdk-ameba1-v3[1].4b_ECN_20151106\sdk-ameba1-v3.4b_ECN_20151106\project\realtek_ameba1_va0_example\EWARM-RELEASE\Debug\Obj\ecp.o
#        E:\相关资料\8711\RTL8711-sdk-ameba1-v3[1].4b_ECN_20151106\sdk-ameba1-v3.4b_ECN_20151106\project\realtek_ameba1_va0_example\EWARM-RELEASE\Debug\Obj\ecp_curves.o
#        E:\相关资料\8711\RTL8711-sdk-ameba1-v3[1].4b_ECN_20151106\sdk-ameba1-v3.4b_ECN_20151106\project\realtek_ameba1_va0_example\EWARM-RELEASE\Debug\Obj\efuse1_api.o
#        E:\相关资料\8711\RTL8711-sdk-ameba1-v3[1].4b_ECN_20151106\sdk-ameba1-v3.4b_ECN_20151106\project\realtek_ameba1_va0_example\EWARM-RELEASE\Debug\Obj\efuse2_api.o
#        E:\相关资料\8711\RTL8711-sdk-ameba1-v3[1].4b_ECN_20151106\sdk-ameba1-v3.4b_ECN_20151106\project\realtek_ameba1_va0_example\EWARM-RELEASE\Debug\Obj\efuse3_api.o
#        E:\相关资料\8711\RTL8711-sdk-ameba1-v3[1].4b_ECN_20151106\sdk-ameba1-v3.4b_ECN_20151106\project\realtek_ameba1_va0_example\EWARM-RELEASE\Debug\Obj\entropy.o
#        E:\相关资料\8711\RTL8711-sdk-ameba1-v3[1].4b_ECN_20151106\sdk-ameba1-v3.4b_ECN_20151106\project\realtek_ameba1_va0_example\EWARM-RELEASE\Debug\Obj\entropy_poll.o
#        E:\相关资料\8711\RTL8711-sdk-ameba1-v3[1].4b_ECN_20151106\sdk-ameba1-v3.4b_ECN_20151106\project\realtek_ameba1_va0_example\EWARM-RELEASE\Debug\Obj\err.o
#        E:\相关资料\8711\RTL8711-sdk-ameba1-v3[1].4b_ECN_20151106\sdk-ameba1-v3.4b_ECN_20151106\project\realtek_ameba1_va0_example\EWARM-RELEASE\Debug\Obj\error.o
#        E:\相关资料\8711\RTL8711-sdk-ameba1-v3[1].4b_ECN_20151106\sdk-ameba1-v3.4b_ECN_20151106\project\realtek_ameba1_va0_example\EWARM-RELEASE\Debug\Obj\etharp.o
#        E:\相关资料\8711\RTL8711-sdk-ameba1-v3[1].4b_ECN_20151106\sdk-ameba1-v3.4b_ECN_20151106\project\realtek_ameba1_va0_example\EWARM-RELEASE\Debug\Obj\ethernetif.o
#        E:\相关资料\8711\RTL8711-sdk-ameba1-v3[1].4b_ECN_20151106\sdk-ameba1-v3.4b_ECN_20151106\project\realtek_ameba1_va0_example\EWARM-RELEASE\Debug\Obj\event_groups.o
#        E:\相关资料\8711\RTL8711-sdk-ameba1-v3[1].4b_ECN_20151106\sdk-ameba1-v3.4b_ECN_20151106\project\realtek_ameba1_va0_example\EWARM-RELEASE\Debug\Obj\example_entry.o
#        E:\相关资料\8711\RTL8711-sdk-ameba1-v3[1].4b_ECN_20151106\sdk-ameba1-v3.4b_ECN_20151106\project\realtek_ameba1_va0_example\EWARM-RELEASE\Debug\Obj\example_google.o
#        E:\相关资料\8711\RTL8711-sdk-ameba1-v3[1].4b_ECN_20151106\sdk-ameba1-v3.4b_ECN_20151106\project\realtek_ameba1_va0_example\EWARM-RELEASE\Debug\Obj\example_mcast.o
#        E:\相关资料\8711\RTL8711-sdk-ameba1-v3[1].4b_ECN_20151106\sdk-ameba1-v3.4b_ECN_20151106\project\realtek_ameba1_va0_example\EWARM-RELEASE\Debug\Obj\example_mdns.o
#        E:\相关资料\8711\RTL8711-sdk-ameba1-v3[1].4b_ECN_20151106\sdk-ameba1-v3.4b_ECN_20151106\project\realtek_ameba1_va0_example\EWARM-RELEASE\Debug\Obj\example_socket_select.o
#        E:\相关资料\8711\RTL8711-sdk-ameba1-v3[1].4b_ECN_20151106\sdk-ameba1-v3.4b_ECN_20151106\project\realtek_ameba1_va0_example\EWARM-RELEASE\Debug\Obj\example_ssl_download.o
#        E:\相关资料\8711\RTL8711-sdk-ameba1-v3[1].4b_ECN_20151106\sdk-ameba1-v3.4b_ECN_20151106\project\realtek_ameba1_va0_example\EWARM-RELEASE\Debug\Obj\example_wlan_fast_connect.o
#        E:\相关资料\8711\RTL8711-sdk-ameba1-v3[1].4b_ECN_20151106\sdk-ameba1-v3.4b_ECN_20151106\project\realtek_ameba1_va0_example\EWARM-RELEASE\Debug\Obj\example_xml.o
#        E:\相关资料\8711\RTL8711-sdk-ameba1-v3[1].4b_ECN_20151106\sdk-ameba1-v3.4b_ECN_20151106\project\realtek_ameba1_va0_example\EWARM-RELEASE\Debug\Obj\flash_api.o
#        E:\相关资料\8711\RTL8711-sdk-ameba1-v3[1].4b_ECN_20151106\sdk-ameba1-v3.4b_ECN_20151106\project\realtek_ameba1_va0_example\EWARM-RELEASE\Debug\Obj\freertos_pmu.o
#        E:\相关资料\8711\RTL8711-sdk-ameba1-v3[1].4b_ECN_20151106\sdk-ameba1-v3.4b_ECN_20151106\project\realtek_ameba1_va0_example\EWARM-RELEASE\Debug\Obj\freertos_service.o
#        E:\相关资料\8711\RTL8711-sdk-ameba1-v3[1].4b_ECN_20151106\sdk-ameba1-v3.4b_ECN_20151106\project\realtek_ameba1_va0_example\EWARM-RELEASE\Debug\Obj\gcm.o
#        E:\相关资料\8711\RTL8711-sdk-ameba1-v3[1].4b_ECN_20151106\sdk-ameba1-v3.4b_ECN_20151106\project\realtek_ameba1_va0_example\EWARM-RELEASE\Debug\Obj\gpio_api.o
#        E:\相关资料\8711\RTL8711-sdk-ameba1-v3[1].4b_ECN_20151106\sdk-ameba1-v3.4b_ECN_20151106\project\realtek_ameba1_va0_example\EWARM-RELEASE\Debug\Obj\gpio_irq_api.o
#        E:\相关资料\8711\RTL8711-sdk-ameba1-v3[1].4b_ECN_20151106\sdk-ameba1-v3.4b_ECN_20151106\project\realtek_ameba1_va0_example\EWARM-RELEASE\Debug\Obj\hal_32k.o
#        E:\相关资料\8711\RTL8711-sdk-ameba1-v3[1].4b_ECN_20151106\sdk-ameba1-v3.4b_ECN_20151106\project\realtek_ameba1_va0_example\EWARM-RELEASE\Debug\Obj\hal_adc.o
#        E:\相关资料\8711\RTL8711-sdk-ameba1-v3[1].4b_ECN_20151106\sdk-ameba1-v3.4b_ECN_20151106\project\realtek_ameba1_va0_example\EWARM-RELEASE\Debug\Obj\hal_gdma.o
#        E:\相关资料\8711\RTL8711-sdk-ameba1-v3[1].4b_ECN_20151106\sdk-ameba1-v3.4b_ECN_20151106\project\realtek_ameba1_va0_example\EWARM-RELEASE\Debug\Obj\hal_gpio.o
#        E:\相关资料\8711\RTL8711-sdk-ameba1-v3[1].4b_ECN_20151106\sdk-ameba1-v3.4b_ECN_20151106\project\realtek_ameba1_va0_example\EWARM-RELEASE\Debug\Obj\hal_i2c.o
#        E:\相关资料\8711\RTL8711-sdk-ameba1-v3[1].4b_ECN_20151106\sdk-ameba1-v3.4b_ECN_20151106\project\realtek_ameba1_va0_example\EWARM-RELEASE\Debug\Obj\hal_i2s.o
#        E:\相关资料\8711\RTL8711-sdk-ameba1-v3[1].4b_ECN_20151106\sdk-ameba1-v3.4b_ECN_20151106\project\realtek_ameba1_va0_example\EWARM-RELEASE\Debug\Obj\hal_mii.o
#        E:\相关资料\8711\RTL8711-sdk-ameba1-v3[1].4b_ECN_20151106\sdk-ameba1-v3.4b_ECN_20151106\project\realtek_ameba1_va0_example\EWARM-RELEASE\Debug\Obj\hal_nfc.o
#        E:\相关资料\8711\RTL8711-sdk-ameba1-v3[1].4b_ECN_20151106\sdk-ameba1-v3.4b_ECN_20151106\project\realtek_ameba1_va0_example\EWARM-RELEASE\Debug\Obj\hal_pcm.o
#        E:\相关资料\8711\RTL8711-sdk-ameba1-v3[1].4b_ECN_20151106\sdk-ameba1-v3.4b_ECN_20151106\project\realtek_ameba1_va0_example\EWARM-RELEASE\Debug\Obj\hal_pwm.o
#        E:\相关资料\8711\RTL8711-sdk-ameba1-v3[1].4b_ECN_20151106\sdk-ameba1-v3.4b_ECN_20151106\project\realtek_ameba1_va0_example\EWARM-RELEASE\Debug\Obj\hal_sdr_controller.o
#        E:\相关资料\8711\RTL8711-sdk-ameba1-v3[1].4b_ECN_20151106\sdk-ameba1-v3.4b_ECN_20151106\project\realtek_ameba1_va0_example\EWARM-RELEASE\Debug\Obj\hal_soc_ps_monitor.o
#        E:\相关资料\8711\RTL8711-sdk-ameba1-v3[1].4b_ECN_20151106\sdk-ameba1-v3.4b_ECN_20151106\project\realtek_ameba1_va0_example\EWARM-RELEASE\Debug\Obj\hal_ssi.o
#        E:\相关资料\8711\RTL8711-sdk-ameba1-v3[1].4b_ECN_20151106\sdk-ameba1-v3.4b_ECN_20151106\project\realtek_ameba1_va0_example\EWARM-RELEASE\Debug\Obj\hal_timer.o
#        E:\相关资料\8711\RTL8711-sdk-ameba1-v3[1].4b_ECN_20151106\sdk-ameba1-v3.4b_ECN_20151106\project\realtek_ameba1_va0_example\EWARM-RELEASE\Debug\Obj\hal_uart.o
#        E:\相关资料\8711\RTL8711-sdk-ameba1-v3[1].4b_ECN_20151106\sdk-ameba1-v3.4b_ECN_20151106\project\realtek_ameba1_va0_example\EWARM-RELEASE\Debug\Obj\havege.o
#        E:\相关资料\8711\RTL8711-sdk-ameba1-v3[1].4b_ECN_20151106\sdk-ameba1-v3.4b_ECN_20151106\project\realtek_ameba1_va0_example\EWARM-RELEASE\Debug\Obj\heap_5.o
#        E:\相关资料\8711\RTL8711-sdk-ameba1-v3[1].4b_ECN_20151106\sdk-ameba1-v3.4b_ECN_20151106\project\realtek_ameba1_va0_example\EWARM-RELEASE\Debug\Obj\hmac_drbg.o
#        E:\相关资料\8711\RTL8711-sdk-ameba1-v3[1].4b_ECN_20151106\sdk-ameba1-v3.4b_ECN_20151106\project\realtek_ameba1_va0_example\EWARM-RELEASE\Debug\Obj\i2c_api.o
#        E:\相关资料\8711\RTL8711-sdk-ameba1-v3[1].4b_ECN_20151106\sdk-ameba1-v3.4b_ECN_20151106\project\realtek_ameba1_va0_example\EWARM-RELEASE\Debug\Obj\i2s_api.o
#        E:\相关资料\8711\RTL8711-sdk-ameba1-v3[1].4b_ECN_20151106\sdk-ameba1-v3.4b_ECN_20151106\project\realtek_ameba1_va0_example\EWARM-RELEASE\Debug\Obj\icmp.o
#        E:\相关资料\8711\RTL8711-sdk-ameba1-v3[1].4b_ECN_20151106\sdk-ameba1-v3.4b_ECN_20151106\project\realtek_ameba1_va0_example\EWARM-RELEASE\Debug\Obj\igmp.o
#        E:\相关资料\8711\RTL8711-sdk-ameba1-v3[1].4b_ECN_20151106\sdk-ameba1-v3.4b_ECN_20151106\project\realtek_ameba1_va0_example\EWARM-RELEASE\Debug\Obj\inet.o
#        E:\相关资料\8711\RTL8711-sdk-ameba1-v3[1].4b_ECN_20151106\sdk-ameba1-v3.4b_ECN_20151106\project\realtek_ameba1_va0_example\EWARM-RELEASE\Debug\Obj\inet_chksum.o
#        E:\相关资料\8711\RTL8711-sdk-ameba1-v3[1].4b_ECN_20151106\sdk-ameba1-v3.4b_ECN_20151106\project\realtek_ameba1_va0_example\EWARM-RELEASE\Debug\Obj\init.o
#        E:\相关资料\8711\RTL8711-sdk-ameba1-v3[1].4b_ECN_20151106\sdk-ameba1-v3.4b_ECN_20151106\project\realtek_ameba1_va0_example\EWARM-RELEASE\Debug\Obj\ip.o
#        E:\相关资料\8711\RTL8711-sdk-ameba1-v3[1].4b_ECN_20151106\sdk-ameba1-v3.4b_ECN_20151106\project\realtek_ameba1_va0_example\EWARM-RELEASE\Debug\Obj\ip_addr.o
#        E:\相关资料\8711\RTL8711-sdk-ameba1-v3[1].4b_ECN_20151106\sdk-ameba1-v3.4b_ECN_20151106\project\realtek_ameba1_va0_example\EWARM-RELEASE\Debug\Obj\ip_frag.o
#        E:\相关资料\8711\RTL8711-sdk-ameba1-v3[1].4b_ECN_20151106\sdk-ameba1-v3.4b_ECN_20151106\component\soc\realtek\8195a\misc\bsp\lib\common\IAR\lib_mdns.a
#        E:\相关资料\8711\RTL8711-sdk-ameba1-v3[1].4b_ECN_20151106\sdk-ameba1-v3.4b_ECN_20151106\component\soc\realtek\8195a\misc\bsp\lib\common\IAR\lib_platform.a
#        E:\相关资料\8711\RTL8711-sdk-ameba1-v3[1].4b_ECN_20151106\sdk-ameba1-v3.4b_ECN_20151106\component\soc\realtek\8195a\misc\bsp\lib\common\IAR\lib_rtlstd.a
#        E:\相关资料\8711\RTL8711-sdk-ameba1-v3[1].4b_ECN_20151106\sdk-ameba1-v3.4b_ECN_20151106\component\soc\realtek\8195a\misc\bsp\lib\common\IAR\lib_wlan.a
#        E:\相关资料\8711\RTL8711-sdk-ameba1-v3[1].4b_ECN_20151106\sdk-ameba1-v3.4b_ECN_20151106\component\soc\realtek\8195a\misc\bsp\lib\common\IAR\lib_wps.a
#        E:\相关资料\8711\RTL8711-sdk-ameba1-v3[1].4b_ECN_20151106\sdk-ameba1-v3.4b_ECN_20151106\project\realtek_ameba1_va0_example\EWARM-RELEASE\Debug\Obj\list.o
#        E:\相关资料\8711\RTL8711-sdk-ameba1-v3[1].4b_ECN_20151106\sdk-ameba1-v3.4b_ECN_20151106\project\realtek_ameba1_va0_example\EWARM-RELEASE\Debug\Obj\log_service.o
#        E:\相关资料\8711\RTL8711-sdk-ameba1-v3[1].4b_ECN_20151106\sdk-ameba1-v3.4b_ECN_20151106\project\realtek_ameba1_va0_example\EWARM-RELEASE\Debug\Obj\low_level_io.o
#        E:\相关资料\8711\RTL8711-sdk-ameba1-v3[1].4b_ECN_20151106\sdk-ameba1-v3.4b_ECN_20151106\project\realtek_ameba1_va0_example\EWARM-RELEASE\Debug\Obj\lwip_intf.o
#        E:\相关资料\8711\RTL8711-sdk-ameba1-v3[1].4b_ECN_20151106\sdk-ameba1-v3.4b_ECN_20151106\project\realtek_ameba1_va0_example\EWARM-RELEASE\Debug\Obj\lwip_netconf.o
#        E:\相关资料\8711\RTL8711-sdk-ameba1-v3[1].4b_ECN_20151106\sdk-ameba1-v3.4b_ECN_20151106\project\realtek_ameba1_va0_example\EWARM-RELEASE\Debug\Obj\lwip_timers.o
#        E:\相关资料\8711\RTL8711-sdk-ameba1-v3[1].4b_ECN_20151106\sdk-ameba1-v3.4b_ECN_20151106\project\realtek_ameba1_va0_example\EWARM-RELEASE\Debug\Obj\mailbox.o
#        E:\相关资料\8711\RTL8711-sdk-ameba1-v3[1].4b_ECN_20151106\sdk-ameba1-v3.4b_ECN_20151106\project\realtek_ameba1_va0_example\EWARM-RELEASE\Debug\Obj\main.o
#        E:\相关资料\8711\RTL8711-sdk-ameba1-v3[1].4b_ECN_20151106\sdk-ameba1-v3.4b_ECN_20151106\project\realtek_ameba1_va0_example\EWARM-RELEASE\Debug\Obj\md.o
#        E:\相关资料\8711\RTL8711-sdk-ameba1-v3[1].4b_ECN_20151106\sdk-ameba1-v3.4b_ECN_20151106\project\realtek_ameba1_va0_example\EWARM-RELEASE\Debug\Obj\md2.o
#        E:\相关资料\8711\RTL8711-sdk-ameba1-v3[1].4b_ECN_20151106\sdk-ameba1-v3.4b_ECN_20151106\project\realtek_ameba1_va0_example\EWARM-RELEASE\Debug\Obj\md4.o
#        E:\相关资料\8711\RTL8711-sdk-ameba1-v3[1].4b_ECN_20151106\sdk-ameba1-v3.4b_ECN_20151106\project\realtek_ameba1_va0_example\EWARM-RELEASE\Debug\Obj\md5.o
#        E:\相关资料\8711\RTL8711-sdk-ameba1-v3[1].4b_ECN_20151106\sdk-ameba1-v3.4b_ECN_20151106\project\realtek_ameba1_va0_example\EWARM-RELEASE\Debug\Obj\md_wrap.o
#        E:\相关资料\8711\RTL8711-sdk-ameba1-v3[1].4b_ECN_20151106\sdk-ameba1-v3.4b_ECN_20151106\project\realtek_ameba1_va0_example\EWARM-RELEASE\Debug\Obj\mDNSPlatform.o
#        E:\相关资料\8711\RTL8711-sdk-ameba1-v3[1].4b_ECN_20151106\sdk-ameba1-v3.4b_ECN_20151106\project\realtek_ameba1_va0_example\EWARM-RELEASE\Debug\Obj\mem.o
#        E:\相关资料\8711\RTL8711-sdk-ameba1-v3[1].4b_ECN_20151106\sdk-ameba1-v3.4b_ECN_20151106\project\realtek_ameba1_va0_example\EWARM-RELEASE\Debug\Obj\memory_buffer_alloc.o
#        E:\相关资料\8711\RTL8711-sdk-ameba1-v3[1].4b_ECN_20151106\sdk-ameba1-v3.4b_ECN_20151106\project\realtek_ameba1_va0_example\EWARM-RELEASE\Debug\Obj\memp.o
#        E:\相关资料\8711\RTL8711-sdk-ameba1-v3[1].4b_ECN_20151106\sdk-ameba1-v3.4b_ECN_20151106\project\realtek_ameba1_va0_example\EWARM-RELEASE\Debug\Obj\net.o
#        E:\相关资料\8711\RTL8711-sdk-ameba1-v3[1].4b_ECN_20151106\sdk-ameba1-v3.4b_ECN_20151106\project\realtek_ameba1_va0_example\EWARM-RELEASE\Debug\Obj\netbuf.o
#        E:\相关资料\8711\RTL8711-sdk-ameba1-v3[1].4b_ECN_20151106\sdk-ameba1-v3.4b_ECN_20151106\project\realtek_ameba1_va0_example\EWARM-RELEASE\Debug\Obj\netdb.o
#        E:\相关资料\8711\RTL8711-sdk-ameba1-v3[1].4b_ECN_20151106\sdk-ameba1-v3.4b_ECN_20151106\project\realtek_ameba1_va0_example\EWARM-RELEASE\Debug\Obj\netif.o
#        E:\相关资料\8711\RTL8711-sdk-ameba1-v3[1].4b_ECN_20151106\sdk-ameba1-v3.4b_ECN_20151106\project\realtek_ameba1_va0_example\EWARM-RELEASE\Debug\Obj\netifapi.o
#        E:\相关资料\8711\RTL8711-sdk-ameba1-v3[1].4b_ECN_20151106\sdk-ameba1-v3.4b_ECN_20151106\project\realtek_ameba1_va0_example\EWARM-RELEASE\Debug\Obj\nfc_api.o
#        E:\相关资料\8711\RTL8711-sdk-ameba1-v3[1].4b_ECN_20151106\sdk-ameba1-v3.4b_ECN_20151106\project\realtek_ameba1_va0_example\EWARM-RELEASE\Debug\Obj\oid.o
#        E:\相关资料\8711\RTL8711-sdk-ameba1-v3[1].4b_ECN_20151106\sdk-ameba1-v3.4b_ECN_20151106\project\realtek_ameba1_va0_example\EWARM-RELEASE\Debug\Obj\osdep_api.o
#        E:\相关资料\8711\RTL8711-sdk-ameba1-v3[1].4b_ECN_20151106\sdk-ameba1-v3.4b_ECN_20151106\project\realtek_ameba1_va0_example\EWARM-RELEASE\Debug\Obj\osdep_service.o
#        E:\相关资料\8711\RTL8711-sdk-ameba1-v3[1].4b_ECN_20151106\sdk-ameba1-v3.4b_ECN_20151106\project\realtek_ameba1_va0_example\EWARM-RELEASE\Debug\Obj\padlock.o
#        E:\相关资料\8711\RTL8711-sdk-ameba1-v3[1].4b_ECN_20151106\sdk-ameba1-v3.4b_ECN_20151106\project\realtek_ameba1_va0_example\EWARM-RELEASE\Debug\Obj\pbkdf2.o
#        E:\相关资料\8711\RTL8711-sdk-ameba1-v3[1].4b_ECN_20151106\sdk-ameba1-v3.4b_ECN_20151106\project\realtek_ameba1_va0_example\EWARM-RELEASE\Debug\Obj\pbuf.o
#        E:\相关资料\8711\RTL8711-sdk-ameba1-v3[1].4b_ECN_20151106\sdk-ameba1-v3.4b_ECN_20151106\project\realtek_ameba1_va0_example\EWARM-RELEASE\Debug\Obj\pem.o
#        E:\相关资料\8711\RTL8711-sdk-ameba1-v3[1].4b_ECN_20151106\sdk-ameba1-v3.4b_ECN_20151106\project\realtek_ameba1_va0_example\EWARM-RELEASE\Debug\Obj\ping_test.o
#        E:\相关资料\8711\RTL8711-sdk-ameba1-v3[1].4b_ECN_20151106\sdk-ameba1-v3.4b_ECN_20151106\project\realtek_ameba1_va0_example\EWARM-RELEASE\Debug\Obj\pinmap.o
#        E:\相关资料\8711\RTL8711-sdk-ameba1-v3[1].4b_ECN_20151106\sdk-ameba1-v3.4b_ECN_20151106\project\realtek_ameba1_va0_example\EWARM-RELEASE\Debug\Obj\pinmap_common.o
#        E:\相关资料\8711\RTL8711-sdk-ameba1-v3[1].4b_ECN_20151106\sdk-ameba1-v3.4b_ECN_20151106\project\realtek_ameba1_va0_example\EWARM-RELEASE\Debug\Obj\pk.o
#        E:\相关资料\8711\RTL8711-sdk-ameba1-v3[1].4b_ECN_20151106\sdk-ameba1-v3.4b_ECN_20151106\project\realtek_ameba1_va0_example\EWARM-RELEASE\Debug\Obj\pk_wrap.o
#        E:\相关资料\8711\RTL8711-sdk-ameba1-v3[1].4b_ECN_20151106\sdk-ameba1-v3.4b_ECN_20151106\project\realtek_ameba1_va0_example\EWARM-RELEASE\Debug\Obj\pkcs11.o
#        E:\相关资料\8711\RTL8711-sdk-ameba1-v3[1].4b_ECN_20151106\sdk-ameba1-v3.4b_ECN_20151106\project\realtek_ameba1_va0_example\EWARM-RELEASE\Debug\Obj\pkcs12.o
#        E:\相关资料\8711\RTL8711-sdk-ameba1-v3[1].4b_ECN_20151106\sdk-ameba1-v3.4b_ECN_20151106\project\realtek_ameba1_va0_example\EWARM-RELEASE\Debug\Obj\pkcs5.o
#        E:\相关资料\8711\RTL8711-sdk-ameba1-v3[1].4b_ECN_20151106\sdk-ameba1-v3.4b_ECN_20151106\project\realtek_ameba1_va0_example\EWARM-RELEASE\Debug\Obj\pkparse.o
#        E:\相关资料\8711\RTL8711-sdk-ameba1-v3[1].4b_ECN_20151106\sdk-ameba1-v3.4b_ECN_20151106\project\realtek_ameba1_va0_example\EWARM-RELEASE\Debug\Obj\pkwrite.o
#        E:\相关资料\8711\RTL8711-sdk-ameba1-v3[1].4b_ECN_20151106\sdk-ameba1-v3.4b_ECN_20151106\project\realtek_ameba1_va0_example\EWARM-RELEASE\Debug\Obj\platform.o
#        E:\相关资料\8711\RTL8711-sdk-ameba1-v3[1].4b_ECN_20151106\sdk-ameba1-v3.4b_ECN_20151106\project\realtek_ameba1_va0_example\EWARM-RELEASE\Debug\Obj\port.o
#        E:\相关资料\8711\RTL8711-sdk-ameba1-v3[1].4b_ECN_20151106\sdk-ameba1-v3.4b_ECN_20151106\project\realtek_ameba1_va0_example\EWARM-RELEASE\Debug\Obj\port_api.o
#        E:\相关资料\8711\RTL8711-sdk-ameba1-v3[1].4b_ECN_20151106\sdk-ameba1-v3.4b_ECN_20151106\project\realtek_ameba1_va0_example\EWARM-RELEASE\Debug\Obj\portasm.o
#        E:\相关资料\8711\RTL8711-sdk-ameba1-v3[1].4b_ECN_20151106\sdk-ameba1-v3.4b_ECN_20151106\project\realtek_ameba1_va0_example\EWARM-RELEASE\Debug\Obj\pwmout_api.o
#        E:\相关资料\8711\RTL8711-sdk-ameba1-v3[1].4b_ECN_20151106\sdk-ameba1-v3.4b_ECN_20151106\project\realtek_ameba1_va0_example\EWARM-RELEASE\Debug\Obj\queue.o
#        E:\相关资料\8711\RTL8711-sdk-ameba1-v3[1].4b_ECN_20151106\sdk-ameba1-v3.4b_ECN_20151106\project\realtek_ameba1_va0_example\EWARM-RELEASE\Debug\Obj\raw.o
#        E:\相关资料\8711\RTL8711-sdk-ameba1-v3[1].4b_ECN_20151106\sdk-ameba1-v3.4b_ECN_20151106\project\realtek_ameba1_va0_example\EWARM-RELEASE\Debug\Obj\ripemd160.o
#        E:\相关资料\8711\RTL8711-sdk-ameba1-v3[1].4b_ECN_20151106\sdk-ameba1-v3.4b_ECN_20151106\component\soc\realtek\8195a\misc\bsp\lib\va0\rom.a
#        E:\相关资料\8711\RTL8711-sdk-ameba1-v3[1].4b_ECN_20151106\sdk-ameba1-v3.4b_ECN_20151106\project\realtek_ameba1_va0_example\EWARM-RELEASE\Debug\Obj\rom_ssl_ram_map.o
#        E:\相关资料\8711\RTL8711-sdk-ameba1-v3[1].4b_ECN_20151106\sdk-ameba1-v3.4b_ECN_20151106\project\realtek_ameba1_va0_example\EWARM-RELEASE\Debug\Obj\rsa.o
#        E:\相关资料\8711\RTL8711-sdk-ameba1-v3[1].4b_ECN_20151106\sdk-ameba1-v3.4b_ECN_20151106\project\realtek_ameba1_va0_example\EWARM-RELEASE\Debug\Obj\rtc_api.o
#        E:\相关资料\8711\RTL8711-sdk-ameba1-v3[1].4b_ECN_20151106\sdk-ameba1-v3.4b_ECN_20151106\project\realtek_ameba1_va0_example\EWARM-RELEASE\Debug\Obj\rtl8195a_adc.o
#        E:\相关资料\8711\RTL8711-sdk-ameba1-v3[1].4b_ECN_20151106\sdk-ameba1-v3.4b_ECN_20151106\project\realtek_ameba1_va0_example\EWARM-RELEASE\Debug\Obj\rtl8195a_gdma.o
#        E:\相关资料\8711\RTL8711-sdk-ameba1-v3[1].4b_ECN_20151106\sdk-ameba1-v3.4b_ECN_20151106\project\realtek_ameba1_va0_example\EWARM-RELEASE\Debug\Obj\rtl8195a_gpio.o
#        E:\相关资料\8711\RTL8711-sdk-ameba1-v3[1].4b_ECN_20151106\sdk-ameba1-v3.4b_ECN_20151106\project\realtek_ameba1_va0_example\EWARM-RELEASE\Debug\Obj\rtl8195a_i2c.o
#        E:\相关资料\8711\RTL8711-sdk-ameba1-v3[1].4b_ECN_20151106\sdk-ameba1-v3.4b_ECN_20151106\project\realtek_ameba1_va0_example\EWARM-RELEASE\Debug\Obj\rtl8195a_i2s.o
#        E:\相关资料\8711\RTL8711-sdk-ameba1-v3[1].4b_ECN_20151106\sdk-ameba1-v3.4b_ECN_20151106\project\realtek_ameba1_va0_example\EWARM-RELEASE\Debug\Obj\rtl8195a_it.o
#        E:\相关资料\8711\RTL8711-sdk-ameba1-v3[1].4b_ECN_20151106\sdk-ameba1-v3.4b_ECN_20151106\project\realtek_ameba1_va0_example\EWARM-RELEASE\Debug\Obj\rtl8195a_nfc.o
#        E:\相关资料\8711\RTL8711-sdk-ameba1-v3[1].4b_ECN_20151106\sdk-ameba1-v3.4b_ECN_20151106\project\realtek_ameba1_va0_example\EWARM-RELEASE\Debug\Obj\rtl8195a_pwm.o
#        E:\相关资料\8711\RTL8711-sdk-ameba1-v3[1].4b_ECN_20151106\sdk-ameba1-v3.4b_ECN_20151106\project\realtek_ameba1_va0_example\EWARM-RELEASE\Debug\Obj\rtl8195a_ssi.o
#        E:\相关资料\8711\RTL8711-sdk-ameba1-v3[1].4b_ECN_20151106\sdk-ameba1-v3.4b_ECN_20151106\project\realtek_ameba1_va0_example\EWARM-RELEASE\Debug\Obj\rtl8195a_timer.o
#        E:\相关资料\8711\RTL8711-sdk-ameba1-v3[1].4b_ECN_20151106\sdk-ameba1-v3.4b_ECN_20151106\project\realtek_ameba1_va0_example\EWARM-RELEASE\Debug\Obj\rtl8195a_uart.o
#        E:\相关资料\8711\RTL8711-sdk-ameba1-v3[1].4b_ECN_20151106\sdk-ameba1-v3.4b_ECN_20151106\project\realtek_ameba1_va0_example\EWARM-RELEASE\Debug\Obj\rtl_consol.o
#        E:\相关资料\8711\RTL8711-sdk-ameba1-v3[1].4b_ECN_20151106\sdk-ameba1-v3.4b_ECN_20151106\project\realtek_ameba1_va0_example\EWARM-RELEASE\Debug\Obj\serial_api.o
#        E:\相关资料\8711\RTL8711-sdk-ameba1-v3[1].4b_ECN_20151106\sdk-ameba1-v3.4b_ECN_20151106\project\realtek_ameba1_va0_example\EWARM-RELEASE\Debug\Obj\sha1.o
#        E:\相关资料\8711\RTL8711-sdk-ameba1-v3[1].4b_ECN_20151106\sdk-ameba1-v3.4b_ECN_20151106\project\realtek_ameba1_va0_example\EWARM-RELEASE\Debug\Obj\sha256.o
#        E:\相关资料\8711\RTL8711-sdk-ameba1-v3[1].4b_ECN_20151106\sdk-ameba1-v3.4b_ECN_20151106\project\realtek_ameba1_va0_example\EWARM-RELEASE\Debug\Obj\sha512.o
#        E:\相关资料\8711\RTL8711-sdk-ameba1-v3[1].4b_ECN_20151106\sdk-ameba1-v3.4b_ECN_20151106\project\realtek_ameba1_va0_example\EWARM-RELEASE\Debug\Obj\shtc1.o
#        E:\相关资料\8711\RTL8711-sdk-ameba1-v3[1].4b_ECN_20151106\sdk-ameba1-v3.4b_ECN_20151106\project\realtek_ameba1_va0_example\EWARM-RELEASE\Debug\Obj\sleep.o
#        E:\相关资料\8711\RTL8711-sdk-ameba1-v3[1].4b_ECN_20151106\sdk-ameba1-v3.4b_ECN_20151106\project\realtek_ameba1_va0_example\EWARM-RELEASE\Debug\Obj\sockets.o
#        E:\相关资料\8711\RTL8711-sdk-ameba1-v3[1].4b_ECN_20151106\sdk-ameba1-v3.4b_ECN_20151106\project\realtek_ameba1_va0_example\EWARM-RELEASE\Debug\Obj\spi_api.o
#        E:\相关资料\8711\RTL8711-sdk-ameba1-v3[1].4b_ECN_20151106\sdk-ameba1-v3.4b_ECN_20151106\project\realtek_ameba1_va0_example\EWARM-RELEASE\Debug\Obj\ssl_cache.o
#        E:\相关资料\8711\RTL8711-sdk-ameba1-v3[1].4b_ECN_20151106\sdk-ameba1-v3.4b_ECN_20151106\project\realtek_ameba1_va0_example\EWARM-RELEASE\Debug\Obj\ssl_ciphersuites.o
#        E:\相关资料\8711\RTL8711-sdk-ameba1-v3[1].4b_ECN_20151106\sdk-ameba1-v3.4b_ECN_20151106\project\realtek_ameba1_va0_example\EWARM-RELEASE\Debug\Obj\ssl_cli.o
#        E:\相关资料\8711\RTL8711-sdk-ameba1-v3[1].4b_ECN_20151106\sdk-ameba1-v3.4b_ECN_20151106\project\realtek_ameba1_va0_example\EWARM-RELEASE\Debug\Obj\ssl_client.o
#        E:\相关资料\8711\RTL8711-sdk-ameba1-v3[1].4b_ECN_20151106\sdk-ameba1-v3.4b_ECN_20151106\project\realtek_ameba1_va0_example\EWARM-RELEASE\Debug\Obj\ssl_ram_map.o
#        E:\相关资料\8711\RTL8711-sdk-ameba1-v3[1].4b_ECN_20151106\sdk-ameba1-v3.4b_ECN_20151106\project\realtek_ameba1_va0_example\EWARM-RELEASE\Debug\Obj\ssl_srv.o
#        E:\相关资料\8711\RTL8711-sdk-ameba1-v3[1].4b_ECN_20151106\sdk-ameba1-v3.4b_ECN_20151106\project\realtek_ameba1_va0_example\EWARM-RELEASE\Debug\Obj\ssl_tls.o
#        E:\相关资料\8711\RTL8711-sdk-ameba1-v3[1].4b_ECN_20151106\sdk-ameba1-v3.4b_ECN_20151106\project\realtek_ameba1_va0_example\EWARM-RELEASE\Debug\Obj\stats.o
#        E:\相关资料\8711\RTL8711-sdk-ameba1-v3[1].4b_ECN_20151106\sdk-ameba1-v3.4b_ECN_20151106\project\realtek_ameba1_va0_example\EWARM-RELEASE\Debug\Obj\stdlib_patch.o
#        E:\相关资料\8711\RTL8711-sdk-ameba1-v3[1].4b_ECN_20151106\sdk-ameba1-v3.4b_ECN_20151106\project\realtek_ameba1_va0_example\EWARM-RELEASE\Debug\Obj\sys.o
#        E:\相关资料\8711\RTL8711-sdk-ameba1-v3[1].4b_ECN_20151106\sdk-ameba1-v3.4b_ECN_20151106\project\realtek_ameba1_va0_example\EWARM-RELEASE\Debug\Obj\sys_api.o
#        E:\相关资料\8711\RTL8711-sdk-ameba1-v3[1].4b_ECN_20151106\sdk-ameba1-v3.4b_ECN_20151106\project\realtek_ameba1_va0_example\EWARM-RELEASE\Debug\Obj\sys_arch.o
#        E:\相关资料\8711\RTL8711-sdk-ameba1-v3[1].4b_ECN_20151106\sdk-ameba1-v3.4b_ECN_20151106\project\realtek_ameba1_va0_example\EWARM-RELEASE\Debug\Obj\system_8195a.o
#        E:\相关资料\8711\RTL8711-sdk-ameba1-v3[1].4b_ECN_20151106\sdk-ameba1-v3.4b_ECN_20151106\project\realtek_ameba1_va0_example\EWARM-RELEASE\Debug\Obj\tasks.o
#        E:\相关资料\8711\RTL8711-sdk-ameba1-v3[1].4b_ECN_20151106\sdk-ameba1-v3.4b_ECN_20151106\project\realtek_ameba1_va0_example\EWARM-RELEASE\Debug\Obj\tcm_heap.o
#        E:\相关资料\8711\RTL8711-sdk-ameba1-v3[1].4b_ECN_20151106\sdk-ameba1-v3.4b_ECN_20151106\project\realtek_ameba1_va0_example\EWARM-RELEASE\Debug\Obj\tcp.o
#        E:\相关资料\8711\RTL8711-sdk-ameba1-v3[1].4b_ECN_20151106\sdk-ameba1-v3.4b_ECN_20151106\project\realtek_ameba1_va0_example\EWARM-RELEASE\Debug\Obj\tcp_in.o
#        E:\相关资料\8711\RTL8711-sdk-ameba1-v3[1].4b_ECN_20151106\sdk-ameba1-v3.4b_ECN_20151106\project\realtek_ameba1_va0_example\EWARM-RELEASE\Debug\Obj\tcp_out.o
#        E:\相关资料\8711\RTL8711-sdk-ameba1-v3[1].4b_ECN_20151106\sdk-ameba1-v3.4b_ECN_20151106\project\realtek_ameba1_va0_example\EWARM-RELEASE\Debug\Obj\tcpip.o
#        E:\相关资料\8711\RTL8711-sdk-ameba1-v3[1].4b_ECN_20151106\sdk-ameba1-v3.4b_ECN_20151106\project\realtek_ameba1_va0_example\EWARM-RELEASE\Debug\Obj\tcptest.o
#        E:\相关资料\8711\RTL8711-sdk-ameba1-v3[1].4b_ECN_20151106\sdk-ameba1-v3.4b_ECN_20151106\project\realtek_ameba1_va0_example\EWARM-RELEASE\Debug\Obj\threading.o
#        E:\相关资料\8711\RTL8711-sdk-ameba1-v3[1].4b_ECN_20151106\sdk-ameba1-v3.4b_ECN_20151106\project\realtek_ameba1_va0_example\EWARM-RELEASE\Debug\Obj\timer_api.o
#        E:\相关资料\8711\RTL8711-sdk-ameba1-v3[1].4b_ECN_20151106\sdk-ameba1-v3.4b_ECN_20151106\project\realtek_ameba1_va0_example\EWARM-RELEASE\Debug\Obj\timers.o
#        E:\相关资料\8711\RTL8711-sdk-ameba1-v3[1].4b_ECN_20151106\sdk-ameba1-v3.4b_ECN_20151106\project\realtek_ameba1_va0_example\EWARM-RELEASE\Debug\Obj\timing.o
#        E:\相关资料\8711\RTL8711-sdk-ameba1-v3[1].4b_ECN_20151106\sdk-ameba1-v3.4b_ECN_20151106\project\realtek_ameba1_va0_example\EWARM-RELEASE\Debug\Obj\uart_adapter.o
#        E:\相关资料\8711\RTL8711-sdk-ameba1-v3[1].4b_ECN_20151106\sdk-ameba1-v3.4b_ECN_20151106\project\realtek_ameba1_va0_example\EWARM-RELEASE\Debug\Obj\uart_socket.o
#        E:\相关资料\8711\RTL8711-sdk-ameba1-v3[1].4b_ECN_20151106\sdk-ameba1-v3.4b_ECN_20151106\project\realtek_ameba1_va0_example\EWARM-RELEASE\Debug\Obj\udp.o
#        E:\相关资料\8711\RTL8711-sdk-ameba1-v3[1].4b_ECN_20151106\sdk-ameba1-v3.4b_ECN_20151106\project\realtek_ameba1_va0_example\EWARM-RELEASE\Debug\Obj\update.o
#        E:\相关资料\8711\RTL8711-sdk-ameba1-v3[1].4b_ECN_20151106\sdk-ameba1-v3.4b_ECN_20151106\project\realtek_ameba1_va0_example\EWARM-RELEASE\Debug\Obj\us_ticker.o
#        E:\相关资料\8711\RTL8711-sdk-ameba1-v3[1].4b_ECN_20151106\sdk-ameba1-v3.4b_ECN_20151106\project\realtek_ameba1_va0_example\EWARM-RELEASE\Debug\Obj\us_ticker_api.o
#        E:\相关资料\8711\RTL8711-sdk-ameba1-v3[1].4b_ECN_20151106\sdk-ameba1-v3.4b_ECN_20151106\project\realtek_ameba1_va0_example\EWARM-RELEASE\Debug\Obj\version.o
#        E:\相关资料\8711\RTL8711-sdk-ameba1-v3[1].4b_ECN_20151106\sdk-ameba1-v3.4b_ECN_20151106\project\realtek_ameba1_va0_example\EWARM-RELEASE\Debug\Obj\version_features.o
#        E:\相关资料\8711\RTL8711-sdk-ameba1-v3[1].4b_ECN_20151106\sdk-ameba1-v3.4b_ECN_20151106\project\realtek_ameba1_va0_example\EWARM-RELEASE\Debug\Obj\wait_api.o
#        E:\相关资料\8711\RTL8711-sdk-ameba1-v3[1].4b_ECN_20151106\sdk-ameba1-v3.4b_ECN_20151106\project\realtek_ameba1_va0_example\EWARM-RELEASE\Debug\Obj\wdt_api.o
#        E:\相关资料\8711\RTL8711-sdk-ameba1-v3[1].4b_ECN_20151106\sdk-ameba1-v3.4b_ECN_20151106\project\realtek_ameba1_va0_example\EWARM-RELEASE\Debug\Obj\webserver.o
#        E:\相关资料\8711\RTL8711-sdk-ameba1-v3[1].4b_ECN_20151106\sdk-ameba1-v3.4b_ECN_20151106\project\realtek_ameba1_va0_example\EWARM-RELEASE\Debug\Obj\wifi_conf.o
#        E:\相关资料\8711\RTL8711-sdk-ameba1-v3[1].4b_ECN_20151106\sdk-ameba1-v3.4b_ECN_20151106\project\realtek_ameba1_va0_example\EWARM-RELEASE\Debug\Obj\wifi_ind.o
#        E:\相关资料\8711\RTL8711-sdk-ameba1-v3[1].4b_ECN_20151106\sdk-ameba1-v3.4b_ECN_20151106\project\realtek_ameba1_va0_example\EWARM-RELEASE\Debug\Obj\wifi_interactive_mode.o
#        E:\相关资料\8711\RTL8711-sdk-ameba1-v3[1].4b_ECN_20151106\sdk-ameba1-v3.4b_ECN_20151106\project\realtek_ameba1_va0_example\EWARM-RELEASE\Debug\Obj\wifi_promisc.o
#        E:\相关资料\8711\RTL8711-sdk-ameba1-v3[1].4b_ECN_20151106\sdk-ameba1-v3.4b_ECN_20151106\project\realtek_ameba1_va0_example\EWARM-RELEASE\Debug\Obj\wifi_simple_config.o
#        E:\相关资料\8711\RTL8711-sdk-ameba1-v3[1].4b_ECN_20151106\sdk-ameba1-v3.4b_ECN_20151106\project\realtek_ameba1_va0_example\EWARM-RELEASE\Debug\Obj\wifi_util.o
#        E:\相关资料\8711\RTL8711-sdk-ameba1-v3[1].4b_ECN_20151106\sdk-ameba1-v3.4b_ECN_20151106\project\realtek_ameba1_va0_example\EWARM-RELEASE\Debug\Obj\wifi_wps_config.o
#        E:\相关资料\8711\RTL8711-sdk-ameba1-v3[1].4b_ECN_20151106\sdk-ameba1-v3.4b_ECN_20151106\project\realtek_ameba1_va0_example\EWARM-RELEASE\Debug\Obj\wigadget.o
#        E:\相关资料\8711\RTL8711-sdk-ameba1-v3[1].4b_ECN_20151106\sdk-ameba1-v3.4b_ECN_20151106\project\realtek_ameba1_va0_example\EWARM-RELEASE\Debug\Obj\wlan_network.o
#        E:\相关资料\8711\RTL8711-sdk-ameba1-v3[1].4b_ECN_20151106\sdk-ameba1-v3.4b_ECN_20151106\project\realtek_ameba1_va0_example\EWARM-RELEASE\Debug\Obj\x509.o
#        E:\相关资料\8711\RTL8711-sdk-ameba1-v3[1].4b_ECN_20151106\sdk-ameba1-v3.4b_ECN_20151106\project\realtek_ameba1_va0_example\EWARM-RELEASE\Debug\Obj\x509_create.o
#        E:\相关资料\8711\RTL8711-sdk-ameba1-v3[1].4b_ECN_20151106\sdk-ameba1-v3.4b_ECN_20151106\project\realtek_ameba1_va0_example\EWARM-RELEASE\Debug\Obj\x509_crl.o
#        E:\相关资料\8711\RTL8711-sdk-ameba1-v3[1].4b_ECN_20151106\sdk-ameba1-v3.4b_ECN_20151106\project\realtek_ameba1_va0_example\EWARM-RELEASE\Debug\Obj\x509_crt.o
#        E:\相关资料\8711\RTL8711-sdk-ameba1-v3[1].4b_ECN_20151106\sdk-ameba1-v3.4b_ECN_20151106\project\realtek_ameba1_va0_example\EWARM-RELEASE\Debug\Obj\x509_csr.o
#        E:\相关资料\8711\RTL8711-sdk-ameba1-v3[1].4b_ECN_20151106\sdk-ameba1-v3.4b_ECN_20151106\project\realtek_ameba1_va0_example\EWARM-RELEASE\Debug\Obj\x509write_crt.o
#        E:\相关资料\8711\RTL8711-sdk-ameba1-v3[1].4b_ECN_20151106\sdk-ameba1-v3.4b_ECN_20151106\project\realtek_ameba1_va0_example\EWARM-RELEASE\Debug\Obj\x509write_csr.o
#        E:\相关资料\8711\RTL8711-sdk-ameba1-v3[1].4b_ECN_20151106\sdk-ameba1-v3.4b_ECN_20151106\project\realtek_ameba1_va0_example\EWARM-RELEASE\Debug\Obj\xml.o
#        E:\相关资料\8711\RTL8711-sdk-ameba1-v3[1].4b_ECN_20151106\sdk-ameba1-v3.4b_ECN_20151106\project\realtek_ameba1_va0_example\EWARM-RELEASE\Debug\Obj\xtea.o
#        -o
#        E:\相关资料\8711\RTL8711-sdk-ameba1-v3[1].4b_ECN_20151106\sdk-ameba1-v3.4b_ECN_20151106\project\realtek_ameba1_va0_example\EWARM-RELEASE\Debug\Exe\application.axf
#        --redirect _Printf=_PrintfTiny --redirect _Scanf=_ScanfSmallNoMb
#        --keep bootloader --keep gImage2EntryFun0 --keep RAM_IMG2_VALID_PATTEN
#        --image_input=E:\相关资料\8711\RTL8711-sdk-ameba1-v3[1].4b_ECN_20151106\sdk-ameba1-v3.4b_ECN_20151106\project\realtek_ameba1_va0_example\EWARM-RELEASE\..\..\..\component\soc\realtek\8195a\misc\bsp\image\ram_1.r.bin,bootloader,LOADER,4
#        --map
#        E:\相关资料\8711\RTL8711-sdk-ameba1-v3[1].4b_ECN_20151106\sdk-ameba1-v3.4b_ECN_20151106\project\realtek_ameba1_va0_example\EWARM-RELEASE\Debug\List\application.map
#        --log veneers --log_file
#        E:\相关资料\8711\RTL8711-sdk-ameba1-v3[1].4b_ECN_20151106\sdk-ameba1-v3.4b_ECN_20151106\project\realtek_ameba1_va0_example\EWARM-RELEASE\Debug\List\application.log
#        --config
#        E:\相关资料\8711\RTL8711-sdk-ameba1-v3[1].4b_ECN_20151106\sdk-ameba1-v3.4b_ECN_20151106\project\realtek_ameba1_va0_example\EWARM-RELEASE\image2.icf
#        --diag_suppress Lt009,Lp005,Lp006 --entry Reset_Handler
#        --no_exceptions --no_vfe)
#
###############################################################################

*******************************************************************************
*** RUNTIME MODEL ATTRIBUTES
***

CppFlavor       = *
__Heap_Handler  = DLMalloc
__SystemLibrary = DLib


*******************************************************************************
*** PLACEMENT SUMMARY
***

"A1":  place at start of [0x00000000-0x000fffff] { ro, section .rom };
"A2":  place at start of [0x10000000-0x10005fff] {
          rw, block .vector_table, block .user_vector_table,
          block .user_data_table, block .rom.bss, block IMAGE1 };
"A3":  place at start of [0x10006000-0x1006ffff] {
          rw, block IMAGE2, block .ram.bss };
"A4":  place at end of [0x10006000-0x1006ffff] { rw, block .bf_data };
"A6":  place at start of [0x1fff0000-0x1fffffff] { rw, overlay TCM_overlay };

  Section                 Kind        Address     Size  Object
  -------                 ----        -------     ----  ------
"A1":                                          0x43828
  .rom                    ro code  0x00000000  0x43828  rom.o [11]
                                 - 0x00043828  0x43828

"A2":                                           0x4294
  .vector_table                    0x10000000    0x100  <Block>
    .ram_dedecated_vector_table
                          rw data  0x10000000    0x100  rom.o [11]
  .user_vector_table               0x10000100    0x100  <Block>
    .ram_user_define_irq_table
                          rw data  0x10000100    0x100  rom.o [11]
  .user_data_table                 0x10000200    0x100  <Block>
    .ram_user_define_data_table
                          rw data  0x10000200    0x100  rom.o [11]
  .rom.bss                         0x10000300    0x8c8  <Block>
    .hal.ram.bss          rw data  0x10000300     0x58  rom.o [11]
    .timer2_7_vector_table.data
                          rw data  0x10000358     0x18  rom.o [11]
    .infra.ram.bss        rw data  0x10000370     0x14  rom.o [11]
    .mon.ram.bss          zero     0x10000384    0x324  rtl_consol.o [2]
    .mon.ram.bss          zero     0x100006a8      0x4  rtl_consol.o [2]
    .mon.ram.bss          zero     0x100006ac     0x28  rtl_consol.o [2]
    .wlan_ram_map         rw data  0x100006d4      0x8  rom_wlan_ram_map.o [11]
    .wlan_ram_map         rw data  0x100006e0     0x80  rom.o [11]
    .libc.ram.bss         rw data  0x10000760    0x468  rom.o [11]
  IMAGE1                           0x10000bc8   0x36cc  <Block>
    LOADER                const    0x10000bc8   0x36cc  ram_1.r.bin [1]
                                 - 0x10004294   0x4294

"A3":                                          0x4a9f8
  IMAGE2                           0x10006000  0x425b4  <Block>
    .image2.start.table1           0x10006000      0x4  <Block>
      .image2.ram.data    rw data  0x10006000      0x4  startup.o [6]
    .image2.start.table2           0x10006004     0x34  <Block>
      .image2.validate.rodata
                          const    0x10006004     0x14  startup.o [6]
      .custom.validate.rodata
                          const    0x10006018     0x20  update.o [2]
    .ram_image2.text               0x10006038  0x3f588  <Block>
      Veneer              ro code  0x10006038      0x8  - Linker created -
      Veneer              ro code  0x10006040      0x8  - Linker created -
      Veneer              ro code  0x10006048      0x8  - Linker created -
      .infra.ram.start    ro code  0x10006050    0x12c  startup.o [6]
      .rodata             const    0x1000617c     0x60  atcmd_sys.o [2]
      .rodata             const    0x100061dc     0xd0  atcmd_wifi.o [2]
      .rodata             const    0x100062ac    0x124  freertos_service.o [2]
      .rodata             const    0x100063d0      0x8  ip_addr.o [2]
      .rodata             const    0x100063d8     0x10  log_service.o [2]
      .rodata             const    0x100063e8     0xa4  rtw_mlme_ext.o [8]
      .rodata             const    0x1000648c     0x10  lxbus_hci_intf.o [8]
      .rodata             const    0x1000649c   0x116c  rom_rtw_message.o [8]
      .rodata             const    0x10007608      0x8  rtw_wlan_util.o [8]
      .rodata             const    0x10007610     0xc4  dh_groups.o [9]
      .rodata             const    0x100076d4     0x30  phydm_PowerTracking.o [8]
      .rodata             const    0x10007704     0x86  HalHWImg8195A_RF.o [8]
      .rodata             const    0x1000778a      0x0  zero_init3.o [12]
      CPP_INIT                     0x1000778a      0x0  <Block>
        SHT$$PREINIT_ARRAY
                                   0x1000778a      0x0  <Block>
        SHT$$INIT_ARRAY            0x1000778a      0x0  <Block>
      Veneer              ro code  0x1000778c      0x8  - Linker created -
      Veneer              ro code  0x10007794      0x8  - Linker created -
      Veneer              ro code  0x1000779c      0x8  - Linker created -
      Veneer              ro code  0x100077a4      0x8  - Linker created -
      Veneer              ro code  0x100077ac      0x8  - Linker created -
      Veneer              ro code  0x100077b4      0x8  - Linker created -
      .mon.ram.text       ro code  0x100077bc    0x1b4  rtl_consol.o [2]
      Veneer              ro code  0x10007970      0x8  - Linker created -
      Veneer              ro code  0x10007978      0x8  - Linker created -
      Veneer              ro code  0x10007980      0x8  - Linker created -
      .hal.flash.text     ro code  0x10007988    0xe78  hal_spi_flash_ram.o [6]
      Veneer              ro code  0x10008800      0x8  - Linker created -
      Veneer              ro code  0x10008808      0x8  - Linker created -
      .hal.gpio.text      ro code  0x10008810     0x74  hal_gpio.o [2]
      .text               ro code  0x10008884     0xb4  main.o [2]
      .text               ro code  0x10008938    0x126  analogin_api.o [2]
      .text               ro code  0x10008a5e      0x6  rtl8195a_recv.o [8]
      Veneer              ro code  0x10008a64      0x8  - Linker created -
      Veneer              ro code  0x10008a6c      0x8  - Linker created -
      Veneer              ro code  0x10008a74      0x8  - Linker created -
      Veneer              ro code  0x10008a7c      0x8  - Linker created -
      Veneer              ro code  0x10008a84      0x8  - Linker created -
      Veneer              ro code  0x10008a8c      0x8  - Linker created -
      .text               ro code  0x10008a94    0x7d4  hal_adc.o [2]
      Veneer              ro code  0x10009268      0x8  - Linker created -
      Veneer              ro code  0x10009270      0x8  - Linker created -
      Veneer              ro code  0x10009278      0x8  - Linker created -
      .text               ro code  0x10009280    0x80c  hal_soc_ps_monitor.o [2]
      Veneer              ro code  0x10009a8c      0x8  - Linker created -
      Veneer              ro code  0x10009a94      0x8  - Linker created -
      .text               ro code  0x10009a9c    0x1f0  gpio_api.o [2]
      .text               ro code  0x10009c8c      0x2  pinmap.o [2]
      .text               ro code  0x10009c8e     0x1e  xsscin.o [4]
      .text               ro code  0x10009cac     0x38  hal_pinmux.o [6]
      .text               ro code  0x10009ce4    0x494  api_lib.o [2]
      .text               ro code  0x1000a178    0xb60  api_msg.o [2]
      .text               ro code  0x1000acd8    0x1e6  sys_arch.o [2]
      .text               ro code  0x1000aebe     0x22  zero_init3.o [12]
      .text               ro code  0x1000aee0     0xd0  memp.o [2]
      .text               ro code  0x1000afb0    0x1f8  tcpip.o [2]
      .text               ro code  0x1000b1a8    0x45e  pbuf.o [2]
      .text               ro code  0x1000b606     0x9a  netbuf.o [2]
      .text               ro code  0x1000b6a0    0xb2c  tcp.o [2]
      .text               ro code  0x1000c1cc    0x410  udp.o [2]
      .text               ro code  0x1000c5dc    0x174  raw.o [2]
      .text               ro code  0x1000c750    0xa56  tcp_out.o [2]
      .text               ro code  0x1000d1a6    0x4a2  queue.o [2]
      .text               ro code  0x1000d648    0x860  tasks.o [2]
      .text               ro code  0x1000dea8    0x208  port.o [2]
      .text               ro code  0x1000e0b0    0x234  lwip_timers.o [2]
      .text               ro code  0x1000e2e4    0x6c8  etharp.o [2]
      .text               ro code  0x1000e9ac    0x358  ip.o [2]
      .text               ro code  0x1000ed04     0x2e  init.o [2]
      .text               ro code  0x1000ed34    0x260  mem.o [2]
      Veneer              ro code  0x1000ef94      0x8  - Linker created -
      Veneer              ro code  0x1000ef9c      0x8  - Linker created -
      Veneer              ro code  0x1000efa4      0x8  - Linker created -
      Veneer              ro code  0x1000efac      0x8  - Linker created -
      Veneer              ro code  0x1000efb4      0x8  - Linker created -
      Veneer              ro code  0x1000efbc      0x8  - Linker created -
      Veneer              ro code  0x1000efc4      0x8  - Linker created -
      Veneer              ro code  0x1000efcc      0x8  - Linker created -
      Veneer              ro code  0x1000efd4      0x8  - Linker created -
      Veneer              ro code  0x1000efdc      0x8  - Linker created -
      Veneer              ro code  0x1000efe4      0x8  - Linker created -
      Veneer              ro code  0x1000efec      0x8  - Linker created -
      Veneer              ro code  0x1000eff4      0x8  - Linker created -
      Veneer              ro code  0x1000effc      0x8  - Linker created -
      Veneer              ro code  0x1000f004      0x8  - Linker created -
      .text               ro code  0x1000f00c    0x144  ram_libc.o [7]
      .text               ro code  0x1000f150    0x1da  ip_addr.o [2]
      .text               ro code  0x1000f32a     0x26  def.o [2]
      .text               ro code  0x1000f350    0x132  inet_chksum.o [2]
      .text               ro code  0x1000f484    0x188  icmp.o [2]
      .text               ro code  0x1000f60c     0x8e  list.o [2]
      .text               ro code  0x1000f69c    0x1c0  heap_5.o [2]
      .text               ro code  0x1000f85c    0x2f4  timers.o [2]
      .text               ro code  0x1000fb50     0xc4  freertos_pmu.o [2]
      .text               ro code  0x1000fc14    0x4f4  ip_frag.o [2]
      .text               ro code  0x10010108    0xc16  dhcp.o [2]
      .text               ro code  0x10010d20    0x2c2  autoip.o [2]
      .text               ro code  0x10010fe4    0x3b8  igmp.o [2]
      .text               ro code  0x1001139c    0x370  dns.o [2]
      .text               ro code  0x1001170c      0x6  ABImemclr.o [12]
      .text               ro code  0x10011714    0xeac  tcp_in.o [2]
      .text               ro code  0x100125c0    0x142  netif.o [2]
      .text               ro code  0x10012704    0x978  sockets.o [2]
      Veneer              ro code  0x1001307c      0x8  - Linker created -
      .text               ro code  0x10013084    0x104  ram_libgloss_retarget.o [7]
      .text               ro code  0x10013188     0x30  us_ticker.o [2]
      .text               ro code  0x100131b8    0x388  sys_api.o [2]
      .text               ro code  0x10013540     0x14  sleep.o [2]
      .text               ro code  0x10013554     0xe0  rand.o [4]
      .text               ro code  0x10013634     0x66  ABImemset.o [12]
      .text               ro code  0x1001369c    0x2e0  flash_api.o [2]
      .text               ro code  0x1001397c     0x68  osdep_api.o [2]
      .text               ro code  0x100139e4     0xf8  hal_log_uart.o [6]
      .text               ro code  0x10013adc      0x2  xtls.o [4]
      .text               ro code  0x10013ae0     0x76  ABImemcpy_unaligned.o [12]
      Veneer              ro code  0x10013b58      0x8  - Linker created -
      Veneer              ro code  0x10013b60      0x8  - Linker created -
      Veneer              ro code  0x10013b68      0x8  - Linker created -
      Veneer              ro code  0x10013b70      0x8  - Linker created -
      .text               ro code  0x10013b78    0xe0c  atcmd_sys.o [2]
      .text               ro code  0x10014984    0x3e0  log_service.o [2]
      .text               ro code  0x10014d64      0x6  ABImemclr4.o [12]
      .text               ro code  0x10014d6c    0xc90  wifi_util.o [2]
      .text               ro code  0x100159fc   0x1910  atcmd_wifi.o [2]
      .text               ro code  0x1001730c     0x32  ABImemset48.o [12]
      .text               ro code  0x10017340    0xc84  rtk_wlan_if.o [8]
      .text               ro code  0x10017fc4    0x56c  osdep_service.o [2]
      .text               ro code  0x10018530     0xb4  wifi_ind.o [2]
      .text               ro code  0x100185e4     0x24  sscanf.o [4]
      .text               ro code  0x10018608   0x1528  webserver.o [2]
      .text               ro code  0x10019b30    0x65e  dhcps.o [2]
      .text               ro code  0x1001a190   0x158c  wifi_conf.o [2]
      .text               ro code  0x1001b71c    0x340  lwip_netconf.o [2]
      .text               ro code  0x1001ba5c    0x22c  ping_test.o [2]
      .text               ro code  0x1001bc88    0x480  wifi_promisc.o [2]
      .text               ro code  0x1001c108    0xb50  wifi_simple_config.o [2]
      .text               ro code  0x1001cc58    0x8c0  wifi_wps_config.o [2]
      .text               ro code  0x1001d518    0x7d8  update.o [2]
      .text               ro code  0x1001dcf0    0x580  freertos_service.o [2]
      .text               ro code  0x1001e270    0x354  freertos_skbuff.o [8]
      .text               ro code  0x1001e5c4    0xa84  freertos_intfs.o [8]
      .text               ro code  0x1001f048    0x29c  lwip_intf.o [2]
      .text               ro code  0x1001f2e4    0x14a  tcm_heap.o [2]
      .text               ro code  0x1001f430    0x514  xscanfsmall_nomb.o [4]
      Veneer              ro code  0x1001f944      0x8  - Linker created -
      Veneer              ro code  0x1001f94c      0x8  - Linker created -
      Veneer              ro code  0x1001f954      0x8  - Linker created -
      Veneer              ro code  0x1001f95c      0x8  - Linker created -
      Veneer              ro code  0x1001f964      0x8  - Linker created -
      Veneer              ro code  0x1001f96c      0x8  - Linker created -
      .text               ro code  0x1001f974    0x8a0  rtw_promisc.o [8]
      Veneer              ro code  0x10020214      0x8  - Linker created -
      Veneer              ro code  0x1002021c      0x8  - Linker created -
      Veneer              ro code  0x10020224      0x8  - Linker created -
      Veneer              ro code  0x1002022c      0x8  - Linker created -
      Veneer              ro code  0x10020234      0x8  - Linker created -
      .text               ro code  0x1002023c    0xc34  wifi_simple_config_parser.o [8]
      Veneer              ro code  0x10020e70      0x8  - Linker created -
      .text               ro code  0x10020e78     0x84  os_freertos.o [9]
      Veneer              ro code  0x10020efc      0x8  - Linker created -
      Veneer              ro code  0x10020f04      0x8  - Linker created -
      Veneer              ro code  0x10020f0c      0x8  - Linker created -
      Veneer              ro code  0x10020f14      0x8  - Linker created -
      .text               ro code  0x10020f1c    0x3c8  wps_common.o [9]
      .text               ro code  0x100212e4     0x18  cmsis_os.o [2]
      Veneer              ro code  0x100212fc      0x8  - Linker created -
      .text               ro code  0x10021304   0x272c  freertos_ioctl.o [8]
      .text               ro code  0x10023a30    0xf50  rtw_cmd.o [8]
      .text               ro code  0x10024980     0x60  netdev.o [8]
      .text               ro code  0x100249e0    0x3d8  hal_intf.o [8]
      .text               ro code  0x10024db8    0xa88  lxbus_halinit.o [8]
      .text               ro code  0x10025840    0x370  rtw_intfs.o [8]
      Veneer              ro code  0x10025bb0      0x8  - Linker created -
      Veneer              ro code  0x10025bb8      0x8  - Linker created -
      Veneer              ro code  0x10025bc0      0x8  - Linker created -
      Veneer              ro code  0x10025bc8      0x8  - Linker created -
      Veneer              ro code  0x10025bd0      0x8  - Linker created -
      Veneer              ro code  0x10025bd8      0x8  - Linker created -
      .text               ro code  0x10025be0   0x159c  rtw_ap.o [8]
      Veneer              ro code  0x1002717c      0x8  - Linker created -
      Veneer              ro code  0x10027184      0x8  - Linker created -
      Veneer              ro code  0x1002718c      0x8  - Linker created -
      .text               ro code  0x10027194   0x4704  rtw_mlme_ext.o [8]
      .text               ro code  0x1002b898   0x14a4  rtw_mlme.o [8]
      .text               ro code  0x1002cd3c    0x1f2  rtw_ieee80211.o [8]
      .text               ro code  0x1002cf30     0x38  hci_intfs.o [8]
      .text               ro code  0x1002cf68    0x710  rtw_pwrctrl.o [8]
      .text               ro code  0x1002d678    0x14c  ethernetif.o [2]
      .text               ro code  0x1002d7c4     0x16  strchr.o [12]
      .text               ro code  0x1002d7da     0x86  xstol.o [4]
      .text               ro code  0x1002d860    0x19c  xstoul.o [4]
      Veneer              ro code  0x1002d9fc      0x8  - Linker created -
      .text               ro code  0x1002da04   0x11b8  rtw_recv.o [8]
      .text               ro code  0x1002ebbc     0x36  dh_group5.o [9]
      .text               ro code  0x1002ebf4     0xea  wpabuf.o [9]
      Veneer              ro code  0x1002ece0      0x8  - Linker created -
      .text               ro code  0x1002ece8    0x334  wps_attr_build.o [9]
      .text               ro code  0x1002f01c    0x55a  rtw_ioctl_set.o [8]
      Veneer              ro code  0x1002f578      0x8  - Linker created -
      Veneer              ro code  0x1002f580      0x8  - Linker created -
      Veneer              ro code  0x1002f588      0x8  - Linker created -
      Veneer              ro code  0x1002f590      0x8  - Linker created -
      Veneer              ro code  0x1002f598      0x8  - Linker created -
      Veneer              ro code  0x1002f5a0      0x8  - Linker created -
      Veneer              ro code  0x1002f5a8      0x8  - Linker created -
      .text               ro code  0x1002f5b0   0x19cc  rtw_psk.o [8]
      .text               ro code  0x10030f7c     0x54  rtw_io.o [8]
      .text               ro code  0x10030fd0    0x5ec  rtw_sta_mgt.o [8]
      .text               ro code  0x100315bc    0xf64  rtw_wlan_util.o [8]
      .text               ro code  0x10032520    0xb0c  hal_com.o [8]
      .text               ro code  0x1003302c    0xce0  hal_com_phycfg.o [8]
      Veneer              ro code  0x10033d0c      0x8  - Linker created -
      Veneer              ro code  0x10033d14      0x8  - Linker created -
      .text               ro code  0x10033d1c    0x67c  rtw_efuse.o [8]
      .text               ro code  0x10034398    0x204  HalHWImg8195A_BB.o [8]
      .text               ro code  0x1003459c    0xf38  lxbus_ops.o [8]
      .text               ro code  0x100354d4   0x1af4  rtl8195a_pmu_task.o [8]
      Veneer              ro code  0x10036fc8      0x8  - Linker created -
      .text               ro code  0x10036fd0   0x231c  rtl8195a_hal_init.o [8]
      Veneer              ro code  0x100392ec      0x8  - Linker created -
      Veneer              ro code  0x100392f4      0x8  - Linker created -
      Veneer              ro code  0x100392fc      0x8  - Linker created -
      .text               ro code  0x10039304    0x9a8  rtl8195a_phycfg.o [8]
      .text               ro code  0x10039cac    0x502  rtl8195a_dm.o [8]
      Veneer              ro code  0x1003a1b0      0x8  - Linker created -
      .text               ro code  0x1003a1b8   0x14a0  HalPhyRf_8195A.o [8]
      .text               ro code  0x1003b658     0xdc  HalPwrSeqCmd.o [8]
      .text               ro code  0x1003b734     0x18  wlan_ram_map.o [8]
      .text               ro code  0x1003b74c    0x3a4  PhyDM_Adaptivity.o [8]
      Veneer              ro code  0x1003baf0      0x8  - Linker created -
      Veneer              ro code  0x1003baf8      0x8  - Linker created -
      Veneer              ro code  0x1003bb00      0x8  - Linker created -
      .text               ro code  0x1003bb08   0x1638  rtw_xmit.o [8]
      Veneer              ro code  0x1003d140      0x8  - Linker created -
      Veneer              ro code  0x1003d148      0x8  - Linker created -
      Veneer              ro code  0x1003d150      0x8  - Linker created -
      Veneer              ro code  0x1003d158      0x8  - Linker created -
      Veneer              ro code  0x1003d160      0x8  - Linker created -
      Veneer              ro code  0x1003d168      0x8  - Linker created -
      .text               ro code  0x1003d170    0x30c  rtw_security.o [8]
      .text               ro code  0x1003d47c     0xfa  freertos_xmit.o [8]
      .text               ro code  0x1003d578      0xc  errno.o [4]
      .text               ro code  0x1003d584     0x58  memchr.o [12]
      .text               ro code  0x1003d5dc    0x1f4  freertos_recv.o [8]
      .text               ro code  0x1003d7d0     0xfe  dh_groups.o [9]
      .text               ro code  0x1003d8d0    0x158  random.o [9]
      .text               ro code  0x1003da28     0xda  phydm_RegConfig8195A.o [8]
      .text               ro code  0x1003db04    0x8f4  rtl8195a_xmit.o [8]
      .text               ro code  0x1003e3f8    0x2ba  rtl8195a_rxdesc.o [8]
      Veneer              ro code  0x1003e6b4      0x8  - Linker created -
      Veneer              ro code  0x1003e6bc      0x8  - Linker created -
      .text               ro code  0x1003e6c4    0x448  rtl8195a_timer.o [2]
      .text               ro code  0x1003eb0c    0x776  Hal8195ARateAdaptive.o [8]
      .text               ro code  0x1003f284    0x548  rtl8195a_cmd.o [8]
      .text               ro code  0x1003f7cc    0x390  phydm_RaInfo.o [8]
      Veneer              ro code  0x1003fb5c      0x8  - Linker created -
      .text               ro code  0x1003fb64    0x4b6  phydm_DIG.o [8]
      .text               ro code  0x1004001c    0x3e0  phydm.o [8]
      Veneer              ro code  0x100403fc      0x8  - Linker created -
      Veneer              ro code  0x10040404      0x8  - Linker created -
      .text               ro code  0x1004040c    0x408  phydm_HWConfig.o [8]
      .text               ro code  0x10040814    0x172  rtl8195a_rf6052.o [8]
      .text               ro code  0x10040986     0x58  phydm_interface.o [8]
      .text               ro code  0x100409e0    0x464  HalPhyRf.o [8]
      Veneer              ro code  0x10040e44      0x8  - Linker created -
      Veneer              ro code  0x10040e4c      0x8  - Linker created -
      Veneer              ro code  0x10040e54      0x8  - Linker created -
      Veneer              ro code  0x10040e5c      0x8  - Linker created -
      Veneer              ro code  0x10040e64      0x8  - Linker created -
      .text               ro code  0x10040e6c     0x9a  crypto_internal-modexp.o [9]
      .text               ro code  0x10040f08    0x17a  rtl8195a_pmu_cmd.o [8]
      Veneer              ro code  0x10041084      0x8  - Linker created -
      Veneer              ro code  0x1004108c      0x8  - Linker created -
      Veneer              ro code  0x10041094      0x8  - Linker created -
      .text               ro code  0x1004109c     0x7c  phydm_CfoTracking.o [8]
      .text               ro code  0x10041118    0x228  phydm_PowerTracking.o [8]
      .text               ro code  0x10041340     0x14  phydm_debug.o [8]
      .text               ro code  0x10041354     0x1e  U64Shr.o [12]
      .text               ro code  0x10041374    0x21c  HalHWImg8195A_RF.o [8]
      .text               ro code  0x10041590    0x150  HalHWImg8195A_MAC.o [8]
      .text               ro code  0x100416e0    0x1d4  example_wlan_fast_connect.o [2]
      .text               ro code  0x100418b4     0x90  hal_32k.o [2]
      .text               ro code  0x10041944     0x68  hal_gdma.o [2]
      .text               ro code  0x100419ac     0x3c  hal_timer.o [2]
      .text               ro code  0x100419e8    0x318  rtl8195a_adc.o [2]
      Veneer              ro code  0x10041d00      0x8  - Linker created -
      .text               ro code  0x10041d08    0x36c  rtl8195a_gdma.o [2]
      Veneer              ro code  0x10042074      0x8  - Linker created -
      Veneer              ro code  0x1004207c      0x8  - Linker created -
      .text               ro code  0x10042084     0x90  rtl_consol.o [2]
      .text               ro code  0x10042114     0x6c  strncpy_unaligned.o [12]
      .text               ro code  0x10042180     0x14  system_8195a.o [2]
      .text               ro code  0x10042194    0x394  tcptest.o [2]
      .text               ro code  0x10042528     0xdc  wlan_network.o [2]
      Veneer              ro code  0x10042604      0x8  - Linker created -
      Veneer              ro code  0x1004260c      0x8  - Linker created -
      .text               ro code  0x10042614    0x1f8  startup.o [6]
      Veneer              ro code  0x1004280c      0x8  - Linker created -
      .text               ro code  0x10042814     0x24  hal_crypto.o [6]
      .text               ro code  0x10042838     0x78  freertos_isr.o [8]
      .text               ro code  0x100428b0    0x598  wps_protocol_handler.o [9]
      .text               ro code  0x10042e48    0x3a0  eap_wsc.o [9]
      .text               ro code  0x100431e8    0x1a4  wps.o [9]
      .text               ro code  0x1004338c    0x11c  eap_common.o [9]
      .text               ro code  0x100434a8     0x3e  eap_wsc_common.o [9]
      .text               ro code  0x100434e8    0x2f8  wps_dev_attr.o [9]
      .text               ro code  0x100437e0    0xa4e  wps_enrollee.o [9]
      .text               ro code  0x1004422e    0x476  wps_attr_parse.o [9]
      .text               ro code  0x100446a4    0x1c6  wps_attr_process.o [9]
      .text               ro code  0x1004486a    0x838  wps_validate.o [9]
      .text               ro code  0x100450a4     0x10  hal_common.o [6]
      .text               ro code  0x100450b4     0x24  app_start.o [6]
      .text               ro code  0x100450d8    0x124  lxbus_hci_intf.o [8]
      .text               ro code  0x100451fc     0x58  lxbus_intf.o [8]
      .text               ro code  0x10045254     0x36  strlen.o [12]
      .text               ro code  0x1004528c     0x24  printf.o [4]
      .text               ro code  0x100452b0    0x150  xprintftiny.o [4]
      .text               ro code  0x10045400     0x28  data_init.o [12]
      .text               ro code  0x10045428      0x6  example_entry.o [2]
      .text               ro code  0x1004542e     0x2c  low_level_io.o [2]
      .text               ro code  0x1004545a      0x4  rtl8195a_led.o [8]
      .text               ro code  0x1004545e     0x16  xprout.o [4]
      .text               ro code  0x10045474     0x28  putchar.o [4]
      CODE                ro code  0x1004549c     0x94  portasm.o [2]
      __DLIB_PERTHREAD    rw data  0x10045530     0x8c  rand.o [4]
      __DLIB_PERTHREAD    rw data  0x100455bc      0x4  errno.o [4]
    .ram.data                      0x100455c0   0x2ff4  <Block>
      .data.log_init               0x100455c0      0xc  <Block>
        .data.log_init    rw data  0x100455c0      0x4  atcmd_sys.o [2]
        .data.log_init    rw data  0x100455c4      0x4  atcmd_wifi.o [2]
        .data.log_init    rw data  0x100455c8      0x4  log_service.o [2]
      .data               rw data  0x100455cc      0x8  atcmd_sys.o [2]
      .data               rw data  0x100455d4     0xc0  atcmd_sys.o [2]
      .data               rw data  0x10045694    0x1a0  atcmd_wifi.o [2]
      .data               rw data  0x10045834     0x78  dhcps.o [2]
      .data               rw data  0x100458ac      0x4  freertos_pmu.o [2]
      .data               rw data  0x100458b0      0xc  freertos_pmu.o [2]
      .data               rw data  0x100458bc      0x4  freertos_service.o [2]
      .data               rw data  0x100458c0     0x20  log_service.o [2]
      .data               rw data  0x100458e0      0x4  port.o [2]
      .data               rw data  0x100458e4      0x4  system_8195a.o [2]
      .data               rw data  0x100458e8     0x9c  tasks.o [2]
      .data               rw data  0x10045984     0x20  tcp.o [2]
      .data               rw data  0x100459a4     0x34  tcptest.o [2]
      .data               rw data  0x100459d8      0x8  udp.o [2]
      .data               rw data  0x100459e0      0xc  wifi_conf.o [2]
      .data               rw data  0x100459ec      0x8  rtw_psk.o [8]
      .data               rw data  0x100459f4     0xd4  wifi_simple_config_parser.o [8]
      .data               rw data  0x10045ac8      0x8  wifi_simple_config_parser.o [8]
      .data               rw data  0x10045ad0     0xa8  rtw_mlme_ext.o [8]
      .data               rw data  0x10045b78     0x38  freertos_ioctl.o [8]
      .data               rw data  0x10045bb0    0x1b0  rom_rtw_message.o [8]
      .data               rw data  0x10045d60      0x8  rtw_xmit.o [8]
      .data               rw data  0x10045d68     0x40  Hal8195ARateAdaptive.o [8]
      .data               rw data  0x10045da8     0x40  Hal8195ARateAdaptive.o [8]
      .data               rw data  0x10045de8     0x14  Hal8195ARateAdaptive.o [8]
      .data               rw data  0x10045dfc    0x210  HalHWImg8195A_BB.o [8]
      .data               rw data  0x1004600c    0x678  HalHWImg8195A_BB.o [8]
      .data               rw data  0x10046684     0x90  HalHWImg8195A_BB.o [8]
      .data               rw data  0x10046714     0xa0  Hal8195APwrSeq.o [8]
      .data               rw data  0x100467b4     0xa0  Hal8195APwrSeq.o [8]
      .data               rw data  0x10046854     0x14  dh_groups.o [9]
      .data               rw data  0x10046868    0x308  HalHWImg8195A_MAC.o [8]
      .data               rw data  0x10046b70    0x5c8  HalHWImg8195A_RF.o [8]
      .data               rw data  0x10047138     0x80  HalHWImg8195A_RF.o [8]
      .data               rw data  0x100471b8     0x80  HalHWImg8195A_RF.o [8]
      .data               rw data  0x10047238     0x80  HalHWImg8195A_RF.o [8]
      .data               rw data  0x100472b8   0x1260  HalHWImg8195A_RF.o [8]
      .data               rw data  0x10048518     0x40  HalHWImg8195A_RF.o [8]
      .data               rw data  0x10048558      0x2  tcp.o [2]
      .iar.init_table     const    0x1004855c     0x58  - Linker created -
  .ram.bss                         0x100485c0   0x8444  <Block>
    .bss                  zero     0x100485c0    0x500  hal_crypto.o [6]
    .bss                  zero     0x10048ac0    0x340  rtw_mlme_ext.o [8]
    .bss                  zero     0x10048e00     0x38  atcmd_wifi.o [2]
    .bss                  zero     0x10048e38     0x78  atcmd_wifi.o [2]
    .bss                  zero     0x10048eb0      0x4  atcmd_wifi.o [2]
    .bss                  zero     0x10048eb4     0x34  dhcp.o [2]
    .bss                  zero     0x10048ee8      0x4  dhcp.o [2]
    .bss                  zero     0x10048eec    0x214  dns.o [2]
    .bss                  zero     0x10049100    0x460  dns.o [2]
    .bss                  zero     0x10049560     0xc8  etharp.o [2]
    .bss                  zero     0x10049628      0x4  ethernetif.o [2]
    .bss                  zero     0x1004962c      0x4  example_wlan_fast_connect.o [2]
    .bss                  zero     0x10049630      0xc  hal_adc.o [2]
    .bss                  zero     0x1004963c     0x2c  hal_adc.o [2]
    .bss                  zero     0x10049668    0x290  hal_soc_ps_monitor.o [2]
    .bss                  zero     0x100498f8     0x3c  heap_5.o [2]
    .bss                  zero     0x10049934      0xc  igmp.o [2]
    .bss                  zero     0x10049940     0x10  ip.o [2]
    .bss                  zero     0x10049950     0x10  ip_addr.o [2]
    .bss                  zero     0x10049960      0x8  ip_frag.o [2]
    .bss                  zero     0x10049968    0x100  log_service.o [2]
    .bss                  zero     0x10049a68     0x70  log_service.o [2]
    .bss                  zero     0x10049ad8     0x78  lwip_netconf.o [2]
    .bss                  zero     0x10049b50      0x4  lwip_timers.o [2]
    .bss                  zero     0x10049b54      0x4  lwip_timers.o [2]
    .bss                  zero     0x10049b58      0xc  netif.o [2]
    .bss                  zero     0x10049b64      0x4  osdep_service.o [2]
    .bss                  zero     0x10049b68     0x28  ping_test.o [2]
    .bss                  zero     0x10049b90      0xc  port.o [2]
    .bss                  zero     0x10049b9c      0x4  raw.o [2]
    .bss                  zero     0x10049ba0     0x18  rtl8195a_timer.o [2]
    .bss                  zero     0x10049bb8     0x60  sockets.o [2]
    .bss                  zero     0x10049c18      0x8  sockets.o [2]
    .bss                  zero     0x10049c20     0x34  sys_arch.o [2]
    .bss                  zero     0x10049c54     0xdc  tasks.o [2]
    .bss                  zero     0x10049d30      0xc  tcm_heap.o [2]
    .bss                  zero     0x10049d3c     0x30  tcp_in.o [2]
    .bss                  zero     0x10049d6c      0xc  tcpip.o [2]
    .bss                  zero     0x10049d78     0x38  timers.o [2]
    .bss                  zero     0x10049db0      0x4  update.o [2]
    .bss                  zero     0x10049db4     0x6c  webserver.o [2]
    .bss                  zero     0x10049e20    0xe20  webserver.o [2]
    .bss                  zero     0x1004ac40     0x24  wifi_conf.o [2]
    .bss                  zero     0x1004ac64      0x8  wifi_conf.o [2]
    .bss                  zero     0x1004ac6c     0x18  wifi_conf.o [2]
    .bss                  zero     0x1004ac84    0x150  wifi_ind.o [2]
    .bss                  zero     0x1004add4      0x8  wifi_promisc.o [2]
    .bss                  zero     0x1004addc     0x78  wifi_promisc.o [2]
    .bss                  zero     0x1004ae54     0x40  wifi_simple_config.o [2]
    .bss                  zero     0x1004ae94     0x28  wifi_wps_config.o [2]
    .bss                  zero     0x1004aebc      0x8  startup.o [6]
    .bss                  zero     0x1004aec4      0x4  ram_libc.o [7]
    .bss                  zero     0x1004aec8     0x40  rtk_wlan_if.o [8]
    .bss                  zero     0x1004af08      0x4  freertos_intfs.o [8]
    .bss                  zero     0x1004af0c      0xc  freertos_intfs.o [8]
    .bss                  zero     0x1004af18     0x14  freertos_intfs.o [8]
    .bss                  zero     0x1004af2c    0x11c  rtw_psk.o [8]
    .bss                  zero     0x1004b048     0x44  rtw_psk.o [8]
    .bss                  zero     0x1004b08c      0x4  freertos_skbuff.o [8]
    .bss                  zero     0x1004b090    0x1b8  freertos_skbuff.o [8]
    .bss                  zero     0x1004b248     0x18  freertos_skbuff.o [8]
    .bss                  zero     0x1004b260      0x4  freertos_isr.o [8]
    .bss                  zero     0x1004b264      0x8  rtw_promisc.o [8]
    .bss                  zero     0x1004b26c      0x4  rtw_mlme.o [8]
    .bss                  zero     0x1004b270      0x4  wifi_simple_config_parser.o [8]
    .bss                  zero     0x1004b274     0x10  wps_protocol_handler.o [9]
    .bss                  zero     0x1004b284      0x4  ram_libgloss_retarget.o [7]
    .bss                  zero     0x1004b288      0x4  rtl8195a_pmu_task.o [8]
    .bss                  zero     0x1004b28c   0x20e0  lxbus_ops.o [8]
    .bss                  zero     0x1004d36c     0x1c  eap_wsc.o [9]
    .bss                  zero     0x1004d388     0x80  random.o [9]
    .bss                  zero     0x1004d408     0x20  random.o [9]
    .bss                  zero     0x1004d428      0x2  ip.o [2]
    .bss                  zero     0x1004d42a      0x1  etharp.o [2]
    .bss                  zero     0x1004d42b      0x1  pbuf.o [2]
    .bss                  zero     0x1004d42c      0x1  tcp.o [2]
    .bss                  zero     0x1004d42d      0x1  wifi_promisc.o [2]
    .bss                  zero     0x1004d42e      0x1  rtl8195a_pmu_task.o [8]
    .bss                  zero     0x1004d42f      0x1  rtw_mlme_ext.o [8]
    .bss                  zero     0x1004d430      0x1  lxbus_ops.o [8]
    .hal.flash.data       zero     0x1004d434     0x90  hal_spi_flash_ram.o [6]
    .hal.gpio.data        zero     0x1004d4c4    0x12c  hal_gpio.o [2]
    .bdsram.data          zero     0x1004d5f0   0x3400  freertos_skbuff.o [8]
    .bdsram.data          zero     0x100509f0      0x8  freertos_skbuff.o [8]
                                 - 0x100509f8  0x4a9f8

"A4":                                           0xf000
  .bf_data                         0x10061000   0xf000  <Block>
    .bfsram.data          zero     0x10061000   0xf000  heap_5.o [2]
                                 - 0x10070000   0xf000

"A6":                                           0xf338
  TCM_overlay                      0x1fff0000   0xf338  <Overlay>
    part 1:
      .bss                zero     0x1fff0000   0x1424  mem.o [2]
      .bss                zero     0x1fff1424   0x3f10  memp.o [2]
      .tcm.heap           zero     0x1fff5334   0xa000  tcm_heap.o [2]
      .heap                        0x1ffff334      0x4  <Block>
        .heap.stdlib      zero     0x1ffff334      0x1  ram_libgloss_retarget.o [7]
    part 2:
      IMAGE1_DBG                   0x1fff0000   0x24c0  <Block>
        .ram.start.table           0x1fff0000     0x14  <Block>
          .start.ram.data.a
                          rw data  0x1fff0000      0x4  startup.o [6]
          .start.ram.data.b
                          rw data  0x1fff0004      0x4  startup.o [6]
          .start.ram.data.c
                          rw data  0x1fff0008      0x4  startup.o [6]
          .start.ram.data.d
                          rw data  0x1fff000c      0x4  startup.o [6]
          .start.ram.data.e
                          rw data  0x1fff0010      0x4  startup.o [6]
        .ram_image1.data           0x1fff0014   0x14d0  <Block>
          .image1.validate.rodata
                          const    0x1fff0014      0x8  startup.o [6]
          .cutb.ram.data  rw data  0x1fff001c     0x10  hal_sdr_controller.o [2]
          .cutb.ram.data  rw data  0x1fff002c     0x1c  hal_sdr_controller.o [2]
          .cutb.ram.data  rw data  0x1fff0048     0x34  hal_sdr_controller.o [2]
          .cutb.ram.data  rw data  0x1fff007c     0x14  hal_sdr_controller.o [2]
          .cutb.ram.data  rw data  0x1fff0090      0x4  hal_sdr_controller.o [2]
          .cutb.ram.data  zero     0x1fff0094   0x1000  hal_sdr_controller.o [2]
          .hal.ram.data   rw data  0x1fff1098    0x430  rom.o [11]
          .hal.ram.data   rw data  0x1fff14c8      0xc  hal_sdr_controller.o [2]
          .hal.ram.data   zero     0x1fff14d4     0x10  startup.o [6]
        .ram_image1.bss            0x1fff14e4      0x0  <Block>
        .ram_image1.text           0x1fff14e4    0xfdc  <Block>
          Veneer          ro code  0x1fff14e4      0x8  - Linker created -
          Veneer          ro code  0x1fff14ec      0x8  - Linker created -
          Veneer          ro code  0x1fff14f4      0x8  - Linker created -
          Veneer          ro code  0x1fff14fc      0x8  - Linker created -
          Veneer          ro code  0x1fff1504      0x8  - Linker created -
          Veneer          ro code  0x1fff150c      0x8  - Linker created -
          Veneer          ro code  0x1fff1514      0x8  - Linker created -
          Veneer          ro code  0x1fff151c      0x8  - Linker created -
          Veneer          ro code  0x1fff1524      0x8  - Linker created -
          Veneer          ro code  0x1fff152c      0x8  - Linker created -
          Veneer          ro code  0x1fff1534      0x8  - Linker created -
          Veneer          ro code  0x1fff153c      0x8  - Linker created -
          Veneer          ro code  0x1fff1544      0x8  - Linker created -
          Veneer          ro code  0x1fff154c      0x8  - Linker created -
          Veneer          ro code  0x1fff1554      0x8  - Linker created -
          Veneer          ro code  0x1fff155c      0x8  - Linker created -
          Veneer          ro code  0x1fff1564      0x8  - Linker created -
          Veneer          ro code  0x1fff156c      0x8  - Linker created -
          Veneer          ro code  0x1fff1574      0x8  - Linker created -
          Veneer          ro code  0x1fff157c      0x8  - Linker created -
          Veneer          ro code  0x1fff1584      0x8  - Linker created -
          Veneer          ro code  0x1fff158c      0x8  - Linker created -
          Veneer          ro code  0x1fff1594      0x8  - Linker created -
          .hal.ram.text   ro code  0x1fff159c    0x700  startup.o [6]
          Veneer          ro code  0x1fff1c9c      0x8  - Linker created -
          .hal.sdrc.text  ro code  0x1fff1ca4    0x81c  hal_sdr_controller.o [2]
                                 - 0x1ffff338   0xf338


*******************************************************************************
*** INIT TABLE
***

          Address     Size
          -------     ----
Zero (__iar_zero_init3)
    8 destination ranges, total size 0x26aba:
          0x10000384   0x350
          0x100485c0  0x4e71
          0x1004d434    0x90
          0x1004d4c4   0x12c
          0x1004d5f0  0x3408
          0x10061000  0xf000
          0x1fff0000  0xf334
          0x1ffff334     0x1



*******************************************************************************
*** MODULE SUMMARY
***

    Module                       ro code  rw code  ro data  rw data
    ------                       -------  -------  -------  -------
[...]
wifi_no_network_hdl     0x1001a40f     0xe  Code  Lc  wifi_conf.o [2]
wifi_off                0x1001abcb    0x6a  Code  Gb  wifi_conf.o [2]
wifi_on                 0x1001ab3d    0x8e  Code  Gb  wifi_conf.o [2]
wifi_reg_event_handler  0x1001856b    0x3a  Code  Gb  wifi_ind.o [2]
wifi_remove_packet_filter
                        0x1001b3d1     0x4  Code  Gb  wifi_conf.o [2]
wifi_restart_ap         0x1001b1c1    0xfe  Code  Gb  wifi_conf.o [2]
wifi_rx_beacon_hdl      0x1001a40d     0x2  Code  Gb  wifi_conf.o [2]
wifi_scan               0x1001aed3    0x56  Code  Gb  wifi_conf.o [2]
wifi_scan_done_hdl      0x1001ae6f    0x64  Code  Lc  wifi_conf.o [2]
wifi_scan_each_report_hdl
                        0x1001ad45   0x12a  Code  Lc  wifi_conf.o [2]
wifi_scan_networks      0x1001af49    0x92  Code  Gb  wifi_conf.o [2]
wifi_set_autoreconnect  0x1001b373     0xc  Code  Gb  wifi_conf.o [2]
wifi_set_channel        0x1001ab33     0xa  Code  Gb  wifi_conf.o [2]
wifi_set_lps_dtim       0x1001ac55     0xa  Code  Gb  wifi_conf.o [2]
wifi_set_power_mode     0x1001ac35     0x4  Code  Gb  wifi_conf.o [2]
wifi_set_promisc        0x1001b165     0x4  Code  Gb  wifi_conf.o [2]
wifi_set_pscan_chan     0x1001afe9    0x12  Code  Gb  wifi_conf.o [2]
wifi_set_tdma_param     0x1001ac41    0x14  Code  Gb  wifi_conf.o [2]
wifi_set_wps_phase      0x1001b161     0x4  Code  Gb  wifi_conf.o [2]
wifi_setting            0x10049db4    0x6c  Data  Gb  webserver.o [2]
wifi_show_setting       0x1001b0b5    0x9e  Code  Gb  wifi_conf.o [2]
wifi_start_ap           0x1001ac75    0xcc  Code  Gb  wifi_conf.o [2]
wifi_unreg_event_handler
                        0x100185a5    0x30  Code  Gb  wifi_ind.o [2]
wifirate2_ratetbl_inx   0x10032105    0x60  Code  Gb  rtw_wlan_util.o [8]
wireless_send_event     0x1002130f     0xa  Code  Gb  freertos_ioctl.o [8]
wlan_init_done_callback
                        0x1004173d    0xd0  Code  Gb  example_wlan_fast_connect.o [2]
wlan_network            0x10042559    0x3a  Code  Gb  wlan_network.o [2]
wlan_wrtie_reconnect_data_to_flash
                        0x100416e1    0x5c  Code  Gb  example_wlan_fast_connect.o [2]
wlancmds                0x10024788   0x1f8  Data  Gb  rtw_cmd.o [8]
wlanevents              0x1002b7d0    0xc0  Data  Lc  rtw_mlme_ext.o [8]
wlanhdr_to_ethhdr       0x1002e7e5   0x138  Code  Gb  rtw_recv.o [8]
wpa_global_PSK          0x1004aff8    0x50  Data  Gb  rtw_psk.o [8]
wpa_set_encryption      0x100214d3   0x176  Code  Lc  freertos_ioctl.o [8]
wpabuf_alloc            0x1002ec21    0x18  Code  Gb  wpabuf.o [9]
wpabuf_alloc_copy       0x1002ec39    0x1c  Code  Gb  wpabuf.o [9]
wpabuf_dup              0x1002ec55    0x1a  Code  Gb  wpabuf.o [9]
wpabuf_free             0x1002ec6f    0x24  Code  Gb  wpabuf.o [9]
wpabuf_put              0x1002ec99     0xc  Code  Gb  wpabuf.o [9]
wpabuf_put_be16         0x1002ecf9    0x14  Code  Lc  wps_attr_build.o [9]
wpabuf_put_be16         0x100434e9    0x14  Code  Lc  wps_dev_attr.o [9]
wpabuf_put_be16         0x100437e1    0x14  Code  Lc  wps_enrollee.o [9]
wpabuf_put_buf          0x1002ec17     0xa  Code  Lc  wpabuf.o [9]
wpabuf_put_buf          0x1002ed2f     0xa  Code  Lc  wps_attr_build.o [9]
wpabuf_put_data         0x10042e59    0x22  Code  Lc  eap_wsc.o [9]
wpabuf_put_data         0x1002ebf5    0x22  Code  Lc  wpabuf.o [9]
wpabuf_put_data         0x1002ed0d    0x22  Code  Lc  wps_attr_build.o [9]
wpabuf_put_data         0x100434fd    0x22  Code  Lc  wps_dev_attr.o [9]
wpabuf_put_data         0x100437f5    0x22  Code  Lc  wps_enrollee.o [9]
wpabuf_put_u8           0x10042e49    0x10  Code  Lc  eap_wsc.o [9]
wpabuf_put_u8           0x1002ece9    0x10  Code  Lc  wps_attr_build.o [9]
wpabuf_put_u8           0x1004338d    0x10  Code  Lc  eap_common.o [9]
wpabuf_put_u8           0x100434a9    0x10  Code  Lc  eap_wsc_common.o [9]
wpabuf_zeropad          0x1002eca5    0x3a  Code  Gb  wpabuf.o [9]
wpas_eap_wsc_init       0x100428b1    0x12  Code  Gb  wps_protocol_handler.o [9]
wpas_swith_to_wps_auth  0x100428c3    0x14  Code  Gb  wps_protocol_handler.o [9]
wpas_swith_to_wps_encr  0x100428d7    0x20  Code  Gb  wps_protocol_handler.o [9]
wpas_wps_dev_config     0x100428f7    0xd0  Code  Gb  wps_protocol_handler.o [9]
wpas_wps_init           0x100429c7    0x7e  Code  Gb  wps_protocol_handler.o [9]
wpas_wps_notify_wps_finish
                        0x10042b6d    0x34  Code  Gb  wps_protocol_handler.o [9]
wpas_wps_notify_wps_finish_hdl
                        0x10042ba1     0x2  Code  Gb  wps_protocol_handler.o [9]
wpas_wsc_eapol_recvd    0x10042d4f    0x66  Code  Gb  wps_protocol_handler.o [9]
wpas_wsc_eapol_recvd_hdl
                        0x10042dc5    0x24  Code  Gb  wps_protocol_handler.o [9]
wpas_wsc_enrollee_handle_eap_fail
                        0x10042ba3    0x48  Code  Gb  wps_protocol_handler.o [9]
wpas_wsc_enrollee_handle_recvd
                        0x10042cd7    0x78  Code  Gb  wps_protocol_handler.o [9]
wpas_wsc_send_eap_rspidentity
                        0x10042aab    0x78  Code  Gb  wps_protocol_handler.o [9]
wpas_wsc_send_eapol     0x10042bfb    0xcc  Code  Gb  wps_protocol_handler.o [9]
wpas_wsc_send_packet    0x10042a45    0x66  Code  Gb  wps_protocol_handler.o [9]
wps_build_ap_settings   0x10043a53    0xdc  Code  Lc  wps_enrollee.o [9]
wps_build_assoc_state   0x1002ef3f    0x14  Code  Gb  wps_attr_build.o [9]
wps_build_auth_type_flags
                        0x1002eee5    0x14  Code  Gb  wps_attr_build.o [9]
wps_build_authenticator
                        0x1002ee2b    0x52  Code  Gb  wps_attr_build.o [9]
wps_build_config_error  0x1002ee1f     0xc  Code  Gb  wps_attr_build.o [9]
wps_build_config_methods
                        0x1002edd9     0xc  Code  Gb  wps_attr_build.o [9]
wps_build_conn_type_flags
                        0x1002ef21    0x14  Code  Gb  wps_attr_build.o [9]
wps_build_dev_name      0x100435bf    0x24  Code  Gb  wps_dev_attr.o [9]
wps_build_dev_password_id
                        0x1002edfd     0xa  Code  Gb  wps_attr_build.o [9]
wps_build_device_attrs  0x100435e3    0x5e  Code  Gb  wps_dev_attr.o [9]
wps_build_e_hash        0x10043817    0x9e  Code  Lc  wps_enrollee.o [9]
wps_build_encr_settings
                        0x1002ef85    0x76  Code  Gb  wps_attr_build.o [9]
wps_build_encr_type_flags
                        0x1002eef9    0x12  Code  Gb  wps_attr_build.o [9]
wps_build_enrollee_nonce
                        0x1002eea3    0x1e  Code  Gb  wps_attr_build.o [9]
wps_build_key_wrap_auth
                        0x1002ef53    0x32  Code  Gb  wps_attr_build.o [9]
wps_build_m1            0x100438cb   0x100  Code  Gb  wps_enrollee.o [9]
wps_build_m5            0x100439cb    0x82  Code  Lc  wps_enrollee.o [9]
wps_build_m7            0x10043b35    0x96  Code  Lc  wps_enrollee.o [9]
wps_build_mac_addr      0x1002effb    0x16  Code  Gb  wps_attr_build.o [9]
wps_build_manufacturer  0x1004351f    0x24  Code  Gb  wps_dev_attr.o [9]
wps_build_model_name    0x10043543    0x22  Code  Gb  wps_dev_attr.o [9]
wps_build_model_number  0x10043571    0x24  Code  Gb  wps_dev_attr.o [9]
wps_build_msg_type      0x1002ee97     0xc  Code  Gb  wps_attr_build.o [9]
wps_build_os_version    0x10043641    0x30  Code  Gb  wps_dev_attr.o [9]
wps_build_primary_dev_type
                        0x10043595    0x24  Code  Gb  wps_dev_attr.o [9]
wps_build_public_key    0x1002ed39    0x88  Code  Gb  wps_attr_build.o [9]
wps_build_registrar_nonce
                        0x1002eec1    0x1e  Code  Gb  wps_attr_build.o [9]
wps_build_rf_bands      0x10043675    0x24  Code  Gb  wps_dev_attr.o [9]
wps_build_uuid_e        0x1002ede5    0x18  Code  Gb  wps_attr_build.o [9]
wps_build_version       0x1002ee7d    0x16  Code  Gb  wps_attr_build.o [9]
wps_build_wfa_ext       0x1002ee93     0x4  Code  Gb  wps_attr_build.o [9]
wps_build_wsc_ack       0x10021215    0x42  Code  Gb  wps_common.o [9]
wps_build_wsc_nack      0x10021257    0x4e  Code  Gb  wps_common.o [9]
wps_check_and_show_connection_info
                        0x1001cc59    0x24  Code  Gb  wifi_wps_config.o [2]
wps_decrypt_encr_settings
                        0x100210f1    0x7e  Code  Gb  wps_common.o [9]
wps_deinit              0x10043307    0x58  Code  Gb  wps.o [9]
wps_derive_keys         0x10020fc1    0xde  Code  Gb  wps_common.o [9]
wps_derive_psk          0x1002109f    0x52  Code  Gb  wps_common.o [9]
wps_device_data_free    0x10043797    0x44  Code  Gb  wps_dev_attr.o [9]
wps_enrollee_get_msg    0x10043bfb   0x11e  Code  Gb  wps_enrollee.o [9]
wps_enrollee_process_msg
                        0x10044167    0xb4  Code  Gb  wps_enrollee.o [9]
wps_generate_pin        0x100211cf    0x3a  Code  Gb  wps_common.o [9]
wps_get_msg             0x10043369     0x4  Code  Gb  wps.o [9]
wps_init                0x100431e9   0x106  Code  Gb  wps.o [9]
wps_judge_staion_disconnect
                        0x1001cff7    0x46  Code  Gb  wifi_wps_config.o [2]
wps_kdf                 0x10020f1d    0xa4  Code  Gb  wps_common.o [9]
wps_oui                 0x00035440     0x4  Data  Lc  rom.o [11]
wps_parse_msg           0x10044619    0x8c  Code  Gb  wps_attr_parse.o [9]
wps_parse_vendor_ext_wfa
                        0x1004422f    0x5c  Code  Lc  wps_attr_parse.o [9]
wps_password_id         0x1004ae94     0x1  Data  Gb  wifi_wps_config.o [2]
wps_pin_checksum        0x1002116f    0x3e  Code  Gb  wps_common.o [9]
wps_pin_code            0x1004ae9c    0x20  Data  Gb  wifi_wps_config.o [2]
wps_pin_valid           0x100211ad    0x22  Code  Gb  wps_common.o [9]
wps_process_authenticator
                        0x100446a5    0x4e  Code  Gb  wps_attr_process.o [9]
wps_process_cred        0x100447f7    0x54  Code  Gb  wps_attr_process.o [9]
wps_process_cred_auth_type
                        0x10044759    0x12  Code  Lc  wps_attr_process.o [9]
wps_process_cred_e      0x10043dd7    0x42  Code  Lc  wps_enrollee.o [9]
wps_process_cred_encr_type
                        0x1004476b    0x12  Code  Lc  wps_attr_process.o [9]
wps_process_cred_mac_addr
                        0x100447bd    0x16  Code  Lc  wps_attr_process.o [9]
wps_process_cred_network_key
                        0x1004478f    0x28  Code  Lc  wps_attr_process.o [9]
wps_process_cred_network_key_idx
                        0x10044783     0xc  Code  Lc  wps_attr_process.o [9]
wps_process_cred_ssid   0x1004472f    0x2a  Code  Lc  wps_attr_process.o [9]
wps_process_creds       0x10043e19    0x40  Code  Lc  wps_enrollee.o [9]
wps_process_device_attrs
                        0x10043699    0xea  Code  Gb  wps_dev_attr.o [9]
wps_process_enrollee_nonce
                        0x10043d19    0x18  Code  Lc  wps_enrollee.o [9]
wps_process_key_wrap_auth
                        0x100446f3    0x3c  Code  Gb  wps_attr_process.o [9]
wps_process_m2          0x10043e59    0x90  Code  Lc  wps_enrollee.o [9]
wps_process_m4          0x10043ee9    0x86  Code  Lc  wps_enrollee.o [9]
wps_process_m8          0x10043f7f    0x7a  Code  Lc  wps_enrollee.o [9]
wps_process_msg         0x10043365     0x4  Code  Gb  wps.o [9]
wps_process_r_snonce1   0x10043d31    0x38  Code  Lc  wps_enrollee.o [9]
wps_process_r_snonce2   0x10043d69    0x38  Code  Lc  wps_enrollee.o [9]
wps_process_wsc_msg     0x10044019   0x14e  Code  Lc  wps_enrollee.o [9]
wps_scan_result_handler
                        0x1001cc7d    0x82  Code  Lc  wifi_wps_config.o [2]
wps_set_attr            0x1004428b   0x38e  Code  Lc  wps_attr_parse.o [9]
wps_start               0x1001cd0b   0x2e2  Code  Gb  wifi_wps_config.o [2]
wps_validate_assoc_state
                        0x10044915    0x18  Code  Lc  wps_validate.o [9]
wps_validate_auth_type  0x10044a45    0x2c  Code  Lc  wps_validate.o [9]
wps_validate_auth_type_flags
                        0x10044a29    0x1c  Code  Lc  wps_validate.o [9]
wps_validate_authenticator
                        0x10044adf     0xa  Code  Lc  wps_validate.o [9]
wps_validate_config_error
                        0x1004492d    0x18  Code  Lc  wps_validate.o [9]
wps_validate_config_methods
                        0x100448c9    0x20  Code  Lc  wps_validate.o [9]
wps_validate_conn_type_flags
                        0x10044abf    0x16  Code  Lc  wps_validate.o [9]
wps_validate_cred       0x10044b55    0x82  Code  Lc  wps_validate.o [9]
wps_validate_dev_name   0x100449b7    0x16  Code  Lc  wps_validate.o [9]
wps_validate_dev_password_id
                        0x10044945    0x1a  Code  Lc  wps_validate.o [9]
wps_validate_encr_settings
                        0x10044ae9    0x10  Code  Lc  wps_validate.o [9]
wps_validate_encr_type  0x10044a8d    0x2c  Code  Lc  wps_validate.o [9]
wps_validate_encr_type_flags
                        0x10044a71    0x1c  Code  Lc  wps_validate.o [9]
wps_validate_enrollee_nonce
                        0x100449f3     0xa  Code  Lc  wps_validate.o [9]
wps_validate_key_wrap_auth
                        0x10044af9     0xa  Code  Lc  wps_validate.o [9]
wps_validate_m2         0x10044c13   0x10e  Code  Gb  wps_validate.o [9]
wps_validate_m2d        0x10044d21    0xda  Code  Gb  wps_validate.o [9]
wps_validate_m4         0x10044e09    0x56  Code  Gb  wps_validate.o [9]
wps_validate_m4_encr    0x10044e5f    0x28  Code  Gb  wps_validate.o [9]
wps_validate_m6         0x10044eab    0x4a  Code  Gb  wps_validate.o [9]
wps_validate_m6_encr    0x10044f0b    0x28  Code  Gb  wps_validate.o [9]
wps_validate_m8         0x10044f33    0x4a  Code  Gb  wps_validate.o [9]
wps_validate_m8_encr    0x10044f7d    0x8a  Code  Gb  wps_validate.o [9]
wps_validate_mac_addr   0x100449e1    0x12  Code  Lc  wps_validate.o [9]
wps_validate_manufacturer
                        0x1004495f    0x16  Code  Lc  wps_validate.o [9]
wps_validate_model_name
                        0x10044975    0x16  Code  Lc  wps_validate.o [9]
wps_validate_model_number
                        0x1004498b    0x16  Code  Lc  wps_validate.o [9]
wps_validate_msg_type   0x100449cd    0x14  Code  Lc  wps_validate.o [9]
wps_validate_network_key
                        0x10044b27    0x2e  Code  Lc  wps_validate.o [9]
wps_validate_network_key_index
                        0x10044b1d     0xa  Code  Lc  wps_validate.o [9]
wps_validate_os_version
                        0x10044ad5     0xa  Code  Lc  wps_validate.o [9]
wps_validate_primary_dev_type
                        0x100448f3     0xa  Code  Lc  wps_validate.o [9]
wps_validate_public_key
                        0x10044a07    0x10  Code  Lc  wps_validate.o [9]
wps_validate_registrar_nonce
                        0x100449fd     0xa  Code  Lc  wps_validate.o [9]
wps_validate_rf_bands   0x100448fd    0x18  Code  Lc  wps_validate.o [9]
wps_validate_serial_number
                        0x100449a1    0x16  Code  Lc  wps_validate.o [9]
wps_validate_ssid       0x10044b03    0x1a  Code  Lc  wps_validate.o [9]
wps_validate_uuid_r     0x100448e9     0xa  Code  Lc  wps_validate.o [9]
wps_validate_version    0x1004486b    0x12  Code  Lc  wps_validate.o [9]
wps_validate_version2   0x1004487d    0x12  Code  Lc  wps_validate.o [9]
wps_validate_wsc_ack    0x10045007    0x46  Code  Gb  wps_validate.o [9]
wps_validate_wsc_nack   0x1004504d    0x4e  Code  Gb  wps_validate.o [9]
wps_workaround_cred_key
                        0x100447d3    0x24  Code  Lc  wps_attr_process.o [9]
wrapper_skbbuf_list     0x1004b248     0x8  Data  Lc  freertos_skbuff.o [8]
write_cam               0x10031a11    0x6a  Code  Gb  rtw_wlan_util.o [8]
wsc_eap                 0x1004d36c    0x1c  Data  Gb  eap_wsc.o [9]
xActiveTimerList1       0x10049d88    0x14  Data  Lc  timers.o [2]
xActiveTimerList2       0x10049d9c    0x14  Data  Lc  timers.o [2]
xBlockAllocatedBit      0x10049924     0x4  Data  Lc  heap_5.o [2]
xDelayedTaskList1       0x1004595c    0x14  Data  Lc  tasks.o [2]
xDelayedTaskList2       0x10045970    0x14  Data  Lc  tasks.o [2]
xFreeBytesRemaining     0x1004991c     0x4  Data  Lc  heap_5.o [2]
xHeapRegions            0x100498f8    0x18  Data  Gb  heap_5.o [2]
xMaximumPossibleSuppressedTicks
                        0x10049b94     0x4  Data  Lc  port.o [2]
xMinimumEverFreeBytesRemaining
                        0x10049920     0x4  Data  Lc  heap_5.o [2]
xNextTaskUnblockTime    0x10045954     0x4  Data  Lc  tasks.o [2]
xNumOfOverflows         0x1004594c     0x4  Data  Lc  tasks.o [2]
xPendingReadyList       0x100458e8    0x14  Data  Lc  tasks.o [2]
xPortGetFreeHeapSize    0x1000f7a3     0x6  Code  Gb  heap_5.o [2]
xPortPendSVHandler      0x1004549d          Code  Gb  portasm.o [2]
xPortStartScheduler     0x1000decd    0x26  Code  Gb  port.o [2]
xPortSysTickHandler     0x1000df2f    0x1e  Code  Gb  port.o [2]
xQueueCreateCountingSemaphore
                        0x1000d28d    0x12  Code  Gb  queue.o [2]
xQueueCreateMutex       0x1000d243    0x40  Code  Gb  queue.o [2]
xQueueGenericCreate     0x1000d207    0x3c  Code  Gb  queue.o [2]
xQueueGenericReceive    0x1000d3cf    0xfa  Code  Gb  queue.o [2]
xQueueGenericReset      0x1000d1a7    0x60  Code  Gb  queue.o [2]
xQueueGenericSend       0x1000d29f    0xc4  Code  Gb  queue.o [2]
xQueueGenericSendFromISR
                        0x1000d363    0x6c  Code  Gb  queue.o [2]
xSchedulerRunning       0x10045940     0x4  Data  Lc  tasks.o [2]
xStart                  0x10049910     0x8  Data  Lc  heap_5.o [2]
xSuspendedTaskList      0x10045920    0x14  Data  Lc  tasks.o [2]
xTaskCheckForTimeOut    0x1000dc0b    0x3c  Code  Gb  tasks.o [2]
xTaskGenericCreate      0x1000d649   0x118  Code  Gb  tasks.o [2]
xTaskGetSchedulerState  0x1000dd73    0x16  Code  Gb  tasks.o [2]
xTaskGetTickCount       0x1000d9d1     0xc  Code  Gb  tasks.o [2]
xTaskIncrementTick      0x1000d9fd    0xb0  Code  Gb  tasks.o [2]
xTaskPriorityDisinherit
                        0x1000de09    0x6a  Code  Gb  tasks.o [2]
xTaskRemoveFromEventList
                        0x1000dba1    0x38  Code  Gb  tasks.o [2]
xTaskResumeAll          0x1000d945    0x8c  Code  Gb  tasks.o [2]
xTasksWaitingTermination
                        0x100458fc    0x14  Data  Lc  tasks.o [2]
xTickCount              0x10045938     0x4  Data  Lc  tasks.o [2]
xTimerCreate            0x1000f88f    0x3a  Code  Gb  timers.o [2]
xTimerCreateTimerTask   0x1000f85d    0x32  Code  Gb  timers.o [2]
xTimerGenericCommand    0x1000f8c9    0x46  Code  Gb  timers.o [2]
xTimerIsTimerActive     0x1000fb2b    0x1a  Code  Gb  timers.o [2]
xTimerQueue             0x10049d80     0x4  Data  Lc  timers.o [2]
xYieldPending           0x10045948     0x4  Data  Lc  tasks.o [2]
xmit_delivery_enabled_frames
                        0x1003cf53   0x102  Code  Gb  rtw_xmit.o [8]
xmitframe_addmic        0x1003c16b   0x182  Code  Gb  rtw_xmit.o [8]
xmitframe_enqueue_for_sleeping_sta
                        0x1003cae3   0x154  Code  Gb  rtw_xmit.o [8]
xmitframe_swencrypt     0x1003c2f3    0x30  Code  Gb  rtw_xmit.o [8]
xnetif                  0x10049ad8    0x78  Data  Gb  lwip_netconf.o [2]
z1                      0x10000374     0x4  Data  Lc  rom.o [11]
z2                      0x10000378     0x4  Data  Lc  rom.o [11]
z3                      0x1000037c     0x4  Data  Lc  rom.o [11]
z4                      0x10000380     0x4  Data  Lc  rom.o [11]
zero_bssid              0x1002020c     0x8  Data  Gb  rtw_promisc.o [8]
zeroes                  0x0003ec14    0x10  Data  Lc  rom.o [11]


[1] = E:\相关资料\8711\RTL8711-sdk-ameba1-v3[1].4b_ECN_20151106\sdk-ameba1-v3.4b_ECN_20151106\project\realtek_ameba1_va0_example\EWARM-RELEASE\..\..\..\component\soc\realtek\8195a\misc\bsp\image
[2] = E:\相关资料\8711\RTL8711-sdk-ameba1-v3[1].4b_ECN_20151106\sdk-ameba1-v3.4b_ECN_20151106\project\realtek_ameba1_va0_example\EWARM-RELEASE\Debug\Obj
[3] = command line
[4] = dl7M_tln.a
[5] = lib_mdns.a
[6] = lib_platform.a
[7] = lib_rtlstd.a
[8] = lib_wlan.a
[9] = lib_wps.a
[10] = m7M_tl.a
[11] = rom.a
[12] = rt7M_tl.a

  253 674 bytes of readonly  code memory
  276 520 bytes of readwrite code memory
   19 816 bytes of readonly  data memory
  172 902 bytes of readwrite data memory

Errors: none
Warnings: none
